******************************************************************************
                  TI ARM Linker PC v5.2.5                      
******************************************************************************
>> Linked Wed Jan 24 03:10:56 2018

OUTPUT FILE NAME:   <lab2.out>
ENTRY POINT SYMBOL: "_c_int00"  address: 00000a29


MEMORY CONFIGURATION

         name            origin    length      used     unused   attr    fill
----------------------  --------  ---------  --------  --------  ----  --------
  FLASH                 00000000   00040000  00000d40  0003f2c0  R  X
  SRAM                  20000000   00008000  00000220  00007de0  RW X


SEGMENT ALLOCATION MAP

run origin  load origin   length   init length attrs members
----------  ----------- ---------- ----------- ----- -------
00000000    00000000    00000d40   00000d40    r-x
  00000000    00000000    0000026c   0000026c    r-- .intvecs
  0000026c    0000026c    000009d0   000009d0    r-x .text
  00000c3c    00000c3c    000000dc   000000dc    r-- .const
  00000d18    00000d18    00000028   00000028    r-- .cinit
20000000    20000000    00000220   00000000    rw-
  20000000    20000000    00000200   00000000    rw- .stack
  20000200    20000200    00000020   00000000    rw- .data


SECTION ALLOCATION MAP

 output                                  attributes/
section   page    origin      length       input sections
--------  ----  ----------  ----------   ----------------
.intvecs   0    00000000    0000026c     
                  00000000    0000026c     tm4c123gh6pm_startup_ccs.obj (.intvecs)

.text      0    0000026c    000009d0     
                  0000026c    000001cc     lab2.obj (.text)
                  00000438    00000132     driverlib.lib : gpio.obj (.text:GPIOPadConfigSet)
                  0000056a    00000002     --HOLE-- [fill = 0]
                  0000056c    00000110                   : sysctl.obj (.text:SysCtlClockGet)
                  0000067c    000000f4                   : sysctl.obj (.text:SysCtlClockSet)
                  00000770    0000009c     rtsv7M4_T_le_v4SPD16_eabi.lib : memcpy_t2.obj (.text)
                  0000080c    0000007a                                   : memset_t2.obj (.text)
                  00000886    00000002     --HOLE-- [fill = 0]
                  00000888    0000006c                                   : autoinit.obj (.text)
                  000008f4    0000006a                                   : copy_decompress_rle.obj (.text)
                  0000095e    00000002     --HOLE-- [fill = 0]
                  00000960    00000068     driverlib.lib : interrupt.obj (.text:IntEnable)
                  000009c8    00000060                   : timer.obj (.text:TimerConfigure)
                  00000a28    00000050     rtsv7M4_T_le_v4SPD16_eabi.lib : boot.obj (.text)
                  00000a78    0000004c                                   : cpy_tbl.obj (.text)
                  00000ac4    00000044                                   : exit.obj (.text)
                  00000b08    00000034     driverlib.lib : sysctl.obj (.text:SysCtlPeripheralEnable)
                  00000b3c    0000002a                   : gpio.obj (.text:GPIODirModeSet)
                  00000b66    00000018                   : gpio.obj (.text:GPIOPinTypeGPIOOutput)
                  00000b7e    00000002     --HOLE-- [fill = 0]
                  00000b80    00000018     rtsv7M4_T_le_v4SPD16_eabi.lib : args_main.obj (.text)
                  00000b98    00000014                                   : _lock.obj (.text)
                  00000bac    00000012     driverlib.lib : gpio.obj (.text:GPIOPinTypeGPIOInput)
                  00000bbe    00000012                   : timer.obj (.text:TimerLoadSet)
                  00000bd0    00000010                   : interrupt.obj (.text:IntMasterEnable)
                  00000be0    0000000e                   : timer.obj (.text:TimerEnable)
                  00000bee    0000000e     rtsv7M4_T_le_v4SPD16_eabi.lib : copy_decompress_none.obj (.text:decompress:none)
                  00000bfc    0000000c     driverlib.lib : cpu.obj (.text:CPUcpsie)
                  00000c08    0000000c     tm4c123gh6pm_startup_ccs.obj (.text)
                  00000c14    00000008     driverlib.lib : timer.obj (.text:TimerIntEnable)
                  00000c1c    00000006                   : gpio.obj (.text:GPIOPinRead)
                  00000c22    00000006                   : gpio.obj (.text:GPIOPinWrite)
                  00000c28    00000006                   : sysctl.obj (.text:SysCtlDelay)
                  00000c2e    00000006     rtsv7M4_T_le_v4SPD16_eabi.lib : copy_decompress_rle.obj (.text:decompress:rle24)
                  00000c34    00000004     driverlib.lib : timer.obj (.text:TimerIntClear)
                  00000c38    00000004     rtsv7M4_T_le_v4SPD16_eabi.lib : pre_init.obj (.text)

.const     0    00000c3c    000000dc     
                  00000c3c    00000070     driverlib.lib : interrupt.obj (.const)
                  00000cac    0000006c                   : sysctl.obj (.const:g_pui32Xtals)

.cinit     0    00000d18    00000028     
                  00000d18    00000016     (.cinit..data.load) [load image, compression = rle]
                  00000d2e    00000002     --HOLE-- [fill = 0]
                  00000d30    00000008     (__TI_handler_table)
                  00000d38    00000008     (__TI_cinit_table)

.init_array 
*          0    00000000    00000000     UNINITIALIZED

.stack     0    20000000    00000200     UNINITIALIZED
                  20000000    00000200     --HOLE--

.data      0    20000200    00000020     UNINITIALIZED
                  20000200    0000000c     lab2.obj (.data)
                  2000020c    00000008     rtsv7M4_T_le_v4SPD16_eabi.lib : _lock.obj (.data)
                  20000214    00000008                                   : exit.obj (.data)
                  2000021c    00000004                                   : stkdepth_vars.obj (.data)

.TI.persistent 
*          0    20000200    00000000     UNINITIALIZED


LINKER GENERATED COPY TABLES

__TI_cinit_table @ 00000d38 records: 1, size/record: 8, table size: 8
	.data: load addr=00000d18, load size=00000016 bytes, run addr=20000200, run size=00000020 bytes, compression=rle


LINKER GENERATED HANDLER TABLE

__TI_handler_table @ 00000d30 records: 2, size/record: 4, table size: 8
	index: 0, handler: __TI_decompress_rle24
	index: 1, handler: __TI_decompress_none


GLOBAL SYMBOLS: SORTED ALPHABETICALLY BY Name 

address   name                    
-------   ----                    
00000ac5  C$$EXIT                 
00000bfd  CPUcpsie                
00000b3d  GPIODirModeSet          
00000439  GPIOPadConfigSet        
00000c1d  GPIOPinRead             
00000bad  GPIOPinTypeGPIOInput    
00000b67  GPIOPinTypeGPIOOutput   
00000c23  GPIOPinWrite            
00000961  IntEnable               
00000bd1  IntMasterEnable         
00000c09  ResetISR                
UNDEFED   SHT$$INIT_ARRAY$$Base   
UNDEFED   SHT$$INIT_ARRAY$$Limit  
0000056d  SysCtlClockGet          
0000067d  SysCtlClockSet          
00000c29  SysCtlDelay             
00000b09  SysCtlPeripheralEnable  
0000037d  Timer0IntHandler        
000009c9  TimerConfigure          
00000be1  TimerEnable             
00000c35  TimerIntClear           
00000c15  TimerIntEnable          
00000bbf  TimerLoadSet            
20000200  __STACK_END             
00000200  __STACK_SIZE            
20000200  __STACK_TOP             
00000d38  __TI_CINIT_Base         
00000d40  __TI_CINIT_Limit        
00000d30  __TI_Handler_Table_Base 
00000d38  __TI_Handler_Table_Limit
00000889  __TI_auto_init          
20000214  __TI_cleanup_ptr        
00000bef  __TI_decompress_none    
00000c2f  __TI_decompress_rle24   
20000218  __TI_dtors_ptr          
00000000  __TI_static_base__      
0000080d  __aeabi_memclr          
0000080d  __aeabi_memclr4         
0000080d  __aeabi_memclr8         
00000771  __aeabi_memcpy          
00000771  __aeabi_memcpy4         
00000771  __aeabi_memcpy8         
0000080f  __aeabi_memset          
0000080f  __aeabi_memset4         
0000080f  __aeabi_memset8         
ffffffff  __binit__               
ffffffff  __c_args__              
20000000  __stack                 
00000b81  _args_main              
00000a29  _c_int00                
2000020c  _lock                   
00000ba7  _nop                    
00000b9f  _register_lock          
00000b99  _register_unlock        
00000c39  _system_pre_init        
20000210  _unlock                 
00000ac9  abort                   
ffffffff  binit                   
00000a79  copy_in                 
000002f9  detectKeyPress          
00000ad1  exit                    
00000000  g_pfnVectors            
000002db  interruptManager        
00000343  main                    
2000021c  main_func_sp            
00000771  memcpy                  
00000815  memset                  
0000029d  pin_config              
20000204  press_count             
0000026d  setup                   
20000201  sw1                     
20000202  sw2                     
20000208  sw2status               
000002c9  timer_config            
20000200  ui8LED                  


GLOBAL SYMBOLS: SORTED BY Symbol Address 

address   name                    
-------   ----                    
00000000  __TI_static_base__      
00000000  g_pfnVectors            
00000200  __STACK_SIZE            
0000026d  setup                   
0000029d  pin_config              
000002c9  timer_config            
000002db  interruptManager        
000002f9  detectKeyPress          
00000343  main                    
0000037d  Timer0IntHandler        
00000439  GPIOPadConfigSet        
0000056d  SysCtlClockGet          
0000067d  SysCtlClockSet          
00000771  __aeabi_memcpy          
00000771  __aeabi_memcpy4         
00000771  __aeabi_memcpy8         
00000771  memcpy                  
0000080d  __aeabi_memclr          
0000080d  __aeabi_memclr4         
0000080d  __aeabi_memclr8         
0000080f  __aeabi_memset          
0000080f  __aeabi_memset4         
0000080f  __aeabi_memset8         
00000815  memset                  
00000889  __TI_auto_init          
00000961  IntEnable               
000009c9  TimerConfigure          
00000a29  _c_int00                
00000a79  copy_in                 
00000ac5  C$$EXIT                 
00000ac9  abort                   
00000ad1  exit                    
00000b09  SysCtlPeripheralEnable  
00000b3d  GPIODirModeSet          
00000b67  GPIOPinTypeGPIOOutput   
00000b81  _args_main              
00000b99  _register_unlock        
00000b9f  _register_lock          
00000ba7  _nop                    
00000bad  GPIOPinTypeGPIOInput    
00000bbf  TimerLoadSet            
00000bd1  IntMasterEnable         
00000be1  TimerEnable             
00000bef  __TI_decompress_none    
00000bfd  CPUcpsie                
00000c09  ResetISR                
00000c15  TimerIntEnable          
00000c1d  GPIOPinRead             
00000c23  GPIOPinWrite            
00000c29  SysCtlDelay             
00000c2f  __TI_decompress_rle24   
00000c35  TimerIntClear           
00000c39  _system_pre_init        
00000d30  __TI_Handler_Table_Base 
00000d38  __TI_CINIT_Base         
00000d38  __TI_Handler_Table_Limit
00000d40  __TI_CINIT_Limit        
20000000  __stack                 
20000200  __STACK_END             
20000200  __STACK_TOP             
20000200  ui8LED                  
20000201  sw1                     
20000202  sw2                     
20000204  press_count             
20000208  sw2status               
2000020c  _lock                   
20000210  _unlock                 
20000214  __TI_cleanup_ptr        
20000218  __TI_dtors_ptr          
2000021c  main_func_sp            
ffffffff  __binit__               
ffffffff  __c_args__              
ffffffff  binit                   
UNDEFED   SHT$$INIT_ARRAY$$Base   
UNDEFED   SHT$$INIT_ARRAY$$Limit  

[75 symbols]
