******************************************************************************
                  TI ARM Linker PC v5.2.5                      
******************************************************************************
>> Linked Tue Feb 06 02:54:48 2018

OUTPUT FILE NAME:   <lab3part2.out>
ENTRY POINT SYMBOL: "_c_int00"  address: 00000b81


MEMORY CONFIGURATION

         name            origin    length      used     unused   attr    fill
----------------------  --------  ---------  --------  --------  ----  --------
  FLASH                 00000000   00040000  00000ff8  0003f008  R  X
  SRAM                  20000000   00008000  00000229  00007dd7  RW X


SEGMENT ALLOCATION MAP

run origin  load origin   length   init length attrs members
----------  ----------- ---------- ----------- ----- -------
00000000    00000000    00000ff8   00000ff8    r-x
  00000000    00000000    0000026c   0000026c    r-- .intvecs
  0000026c    0000026c    00000be0   00000be0    r-x .text
  00000e4c    00000e4c    0000016c   0000016c    r-- .const
  00000fb8    00000fb8    00000040   00000040    r-- .cinit
20000000    20000000    00000229   00000000    rw-
  20000000    20000000    00000200   00000000    rw- .stack
  20000200    20000200    00000024   00000000    rw- .data
  20000224    20000224    00000005   00000000    rw- .bss


SECTION ALLOCATION MAP

 output                                  attributes/
section   page    origin      length       input sections
--------  ----  ----------  ----------   ----------------
.intvecs   0    00000000    0000026c     
                  00000000    0000026c     tm4c123gh6pm_startup_ccs.obj (.intvecs)

.text      0    0000026c    00000be0     
                  0000026c    00000324     main.obj (.text)
                  00000590    00000132     driverlib.lib : gpio.obj (.text:GPIOPadConfigSet)
                  000006c2    00000002     --HOLE-- [fill = 0]
                  000006c4    00000110                   : sysctl.obj (.text:SysCtlClockGet)
                  000007d4    000000f4                   : sysctl.obj (.text:SysCtlClockSet)
                  000008c8    0000009c     rtsv7M4_T_le_v4SPD16_eabi.lib : memcpy_t2.obj (.text)
                  00000964    0000007a                                   : memset_t2.obj (.text)
                  000009de    00000002     --HOLE-- [fill = 0]
                  000009e0    0000006c                                   : autoinit.obj (.text)
                  00000a4c    0000006a                                   : copy_decompress_rle.obj (.text)
                  00000ab6    00000002     --HOLE-- [fill = 0]
                  00000ab8    00000068     driverlib.lib : interrupt.obj (.text:IntEnable)
                  00000b20    00000060                   : timer.obj (.text:TimerConfigure)
                  00000b80    00000050     rtsv7M4_T_le_v4SPD16_eabi.lib : boot.obj (.text)
                  00000bd0    0000004c                                   : cpy_tbl.obj (.text)
                  00000c1c    00000048     driverlib.lib : gpio.obj (.text:GPIOPinConfigure)
                  00000c64    00000044     rtsv7M4_T_le_v4SPD16_eabi.lib : exit.obj (.text)
                  00000ca8    00000034     driverlib.lib : sysctl.obj (.text:SysCtlPeripheralEnable)
                  00000cdc    0000002a                   : gpio.obj (.text:GPIODirModeSet)
                  00000d06    00000022                   : pwm.obj (.text:PWMGenConfigure)
                  00000d28    0000001e                   : pwm.obj (.text:PWMPulseWidthSet)
                  00000d46    00000002     --HOLE-- [fill = 0]
                  00000d48    00000018     rtsv7M4_T_le_v4SPD16_eabi.lib : args_main.obj (.text)
                  00000d60    00000014     driverlib.lib : sysctl.obj (.text:SysCtlPWMClockSet)
                  00000d74    00000014     rtsv7M4_T_le_v4SPD16_eabi.lib : _lock.obj (.text)
                  00000d88    00000012     driverlib.lib : gpio.obj (.text:GPIOPinTypePWM)
                  00000d9a    00000012                   : pwm.obj (.text:PWMOutputState)
                  00000dac    00000012                   : timer.obj (.text:TimerLoadSet)
                  00000dbe    00000010                   : interrupt.obj (.text:IntMasterEnable)
                  00000dce    00000010                   : pwm.obj (.text:PWMGenPeriodSet)
                  00000dde    0000000e                   : timer.obj (.text:TimerEnable)
                  00000dec    0000000e     rtsv7M4_T_le_v4SPD16_eabi.lib : copy_decompress_none.obj (.text:decompress:none)
                  00000dfa    0000000c     driverlib.lib : cpu.obj (.text:CPUcpsie)
                  00000e06    0000000c                   : pwm.obj (.text:PWMGenEnable)
                  00000e12    0000000c     rtsv7M4_T_le_v4SPD16_eabi.lib : copy_zero_init.obj (.text:decompress:ZI)
                  00000e1e    0000000c     tm4c123gh6pm_startup_ccs.obj (.text)
                  00000e2a    00000008     driverlib.lib : timer.obj (.text:TimerIntEnable)
                  00000e32    00000006                   : gpio.obj (.text:GPIOPinRead)
                  00000e38    00000006                   : sysctl.obj (.text:SysCtlDelay)
                  00000e3e    00000006     rtsv7M4_T_le_v4SPD16_eabi.lib : copy_decompress_rle.obj (.text:decompress:rle24)
                  00000e44    00000004     driverlib.lib : timer.obj (.text:TimerIntClear)
                  00000e48    00000004     rtsv7M4_T_le_v4SPD16_eabi.lib : pre_init.obj (.text)

.const     0    00000e4c    0000016c     
                  00000e4c    00000090     driverlib.lib : gpio.obj (.const:g_pui32GPIOBaseAddrs)
                  00000edc    00000070                   : interrupt.obj (.const)
                  00000f4c    0000006c                   : sysctl.obj (.const:g_pui32Xtals)

.cinit     0    00000fb8    00000040     
                  00000fb8    0000001a     (.cinit..data.load) [load image, compression = rle]
                  00000fd2    00000002     --HOLE-- [fill = 0]
                  00000fd4    0000000c     (__TI_handler_table)
                  00000fe0    00000008     (.cinit..bss.load) [load image, compression = zero_init]
                  00000fe8    00000010     (__TI_cinit_table)

.init_array 
*          0    00000000    00000000     UNINITIALIZED

.stack     0    20000000    00000200     UNINITIALIZED
                  20000000    00000200     --HOLE--

.data      0    20000200    00000024     UNINITIALIZED
                  20000200    00000010     main.obj (.data)
                  20000210    00000008     rtsv7M4_T_le_v4SPD16_eabi.lib : _lock.obj (.data)
                  20000218    00000008                                   : exit.obj (.data)
                  20000220    00000004                                   : stkdepth_vars.obj (.data)

.bss       0    20000224    00000005     UNINITIALIZED
                  20000224    00000004     (.common:debug)
                  20000228    00000001     (.common:ui8Adjust)

.TI.persistent 
*          0    20000200    00000000     UNINITIALIZED

.TI.noinit 
*          0    20000224    00000000     UNINITIALIZED


LINKER GENERATED COPY TABLES

__TI_cinit_table @ 00000fe8 records: 2, size/record: 8, table size: 16
	.data: load addr=00000fb8, load size=0000001a bytes, run addr=20000200, run size=00000024 bytes, compression=rle
	.bss: load addr=00000fe0, load size=00000008 bytes, run addr=20000224, run size=00000005 bytes, compression=zero_init


LINKER GENERATED HANDLER TABLE

__TI_handler_table @ 00000fd4 records: 3, size/record: 4, table size: 12
	index: 0, handler: __TI_decompress_rle24
	index: 1, handler: __TI_decompress_none
	index: 2, handler: __TI_zero_init


GLOBAL SYMBOLS: SORTED ALPHABETICALLY BY Name 

address   name                    
-------   ----                    
00000c65  C$$EXIT                 
00000dfb  CPUcpsie                
00000cdd  GPIODirModeSet          
00000591  GPIOPadConfigSet        
00000c1d  GPIOPinConfigure        
00000e33  GPIOPinRead             
00000d89  GPIOPinTypePWM          
00000ab9  IntEnable               
00000dbf  IntMasterEnable         
00000d07  PWMGenConfigure         
00000e07  PWMGenEnable            
00000dcf  PWMGenPeriodSet         
00000d9b  PWMOutputState          
00000d29  PWMPulseWidthSet        
00000e1f  ResetISR                
UNDEFED   SHT$$INIT_ARRAY$$Base   
UNDEFED   SHT$$INIT_ARRAY$$Limit  
000006c5  SysCtlClockGet          
000007d5  SysCtlClockSet          
00000e39  SysCtlDelay             
00000d61  SysCtlPWMClockSet       
00000ca9  SysCtlPeripheralEnable  
000004a9  Timer0IntHandler        
00000b21  TimerConfigure          
00000ddf  TimerEnable             
00000e45  TimerIntClear           
00000e2b  TimerIntEnable          
00000dad  TimerLoadSet            
20000200  __STACK_END             
00000200  __STACK_SIZE            
20000200  __STACK_TOP             
00000fe8  __TI_CINIT_Base         
00000ff8  __TI_CINIT_Limit        
00000fd4  __TI_Handler_Table_Base 
00000fe0  __TI_Handler_Table_Limit
000009e1  __TI_auto_init          
20000218  __TI_cleanup_ptr        
00000ded  __TI_decompress_none    
00000e3f  __TI_decompress_rle24   
2000021c  __TI_dtors_ptr          
00000000  __TI_static_base__      
00000e13  __TI_zero_init          
00000965  __aeabi_memclr          
00000965  __aeabi_memclr4         
00000965  __aeabi_memclr8         
000008c9  __aeabi_memcpy          
000008c9  __aeabi_memcpy4         
000008c9  __aeabi_memcpy8         
00000967  __aeabi_memset          
00000967  __aeabi_memset4         
00000967  __aeabi_memset8         
ffffffff  __binit__               
ffffffff  __c_args__              
20000000  __stack                 
00000d49  _args_main              
00000b81  _c_int00                
20000210  _lock                   
00000d83  _nop                    
00000d7b  _register_lock          
00000d75  _register_unlock        
00000e49  _system_pre_init        
20000214  _unlock                 
00000c69  abort                   
ffffffff  binit                   
00000bd1  copy_in                 
20000224  debug                   
20000200  delay_count             
0000029d  detectKeyPress1         
000002d5  detectKeyPress2         
00000c71  exit                    
00000000  g_pfnVectors            
0000026d  interruptManager        
0000030d  main                    
20000220  main_func_sp            
000008c9  memcpy                  
0000096d  memset                  
2000020c  modeCount               
20000208  press_count             
20000204  sw1                     
20000205  sw2                     
0000028b  timer_config            
20000228  ui8Adjust               


GLOBAL SYMBOLS: SORTED BY Symbol Address 

address   name                    
-------   ----                    
00000000  __TI_static_base__      
00000000  g_pfnVectors            
00000200  __STACK_SIZE            
0000026d  interruptManager        
0000028b  timer_config            
0000029d  detectKeyPress1         
000002d5  detectKeyPress2         
0000030d  main                    
000004a9  Timer0IntHandler        
00000591  GPIOPadConfigSet        
000006c5  SysCtlClockGet          
000007d5  SysCtlClockSet          
000008c9  __aeabi_memcpy          
000008c9  __aeabi_memcpy4         
000008c9  __aeabi_memcpy8         
000008c9  memcpy                  
00000965  __aeabi_memclr          
00000965  __aeabi_memclr4         
00000965  __aeabi_memclr8         
00000967  __aeabi_memset          
00000967  __aeabi_memset4         
00000967  __aeabi_memset8         
0000096d  memset                  
000009e1  __TI_auto_init          
00000ab9  IntEnable               
00000b21  TimerConfigure          
00000b81  _c_int00                
00000bd1  copy_in                 
00000c1d  GPIOPinConfigure        
00000c65  C$$EXIT                 
00000c69  abort                   
00000c71  exit                    
00000ca9  SysCtlPeripheralEnable  
00000cdd  GPIODirModeSet          
00000d07  PWMGenConfigure         
00000d29  PWMPulseWidthSet        
00000d49  _args_main              
00000d61  SysCtlPWMClockSet       
00000d75  _register_unlock        
00000d7b  _register_lock          
00000d83  _nop                    
00000d89  GPIOPinTypePWM          
00000d9b  PWMOutputState          
00000dad  TimerLoadSet            
00000dbf  IntMasterEnable         
00000dcf  PWMGenPeriodSet         
00000ddf  TimerEnable             
00000ded  __TI_decompress_none    
00000dfb  CPUcpsie                
00000e07  PWMGenEnable            
00000e13  __TI_zero_init          
00000e1f  ResetISR                
00000e2b  TimerIntEnable          
00000e33  GPIOPinRead             
00000e39  SysCtlDelay             
00000e3f  __TI_decompress_rle24   
00000e45  TimerIntClear           
00000e49  _system_pre_init        
00000fd4  __TI_Handler_Table_Base 
00000fe0  __TI_Handler_Table_Limit
00000fe8  __TI_CINIT_Base         
00000ff8  __TI_CINIT_Limit        
20000000  __stack                 
20000200  __STACK_END             
20000200  __STACK_TOP             
20000200  delay_count             
20000204  sw1                     
20000205  sw2                     
20000208  press_count             
2000020c  modeCount               
20000210  _lock                   
20000214  _unlock                 
20000218  __TI_cleanup_ptr        
2000021c  __TI_dtors_ptr          
20000220  main_func_sp            
20000224  debug                   
20000228  ui8Adjust               
ffffffff  __binit__               
ffffffff  __c_args__              
ffffffff  binit                   
UNDEFED   SHT$$INIT_ARRAY$$Base   
UNDEFED   SHT$$INIT_ARRAY$$Limit  

[82 symbols]
