******************************************************************************
                  TI ARM Linker Unix v5.2.5                    
******************************************************************************
>> Linked Wed Jan 17 15:51:47 2018

OUTPUT FILE NAME:   <Lab_1_3.out>
ENTRY POINT SYMBOL: "_c_int00"  address: 000008b5


MEMORY CONFIGURATION

         name            origin    length      used     unused   attr    fill
----------------------  --------  ---------  --------  --------  ----  --------
  FLASH                 00000000   00040000  00000d84  0003f27c  R  X
  SRAM                  20000000   00008000  00000488  00007b78  RW X


SEGMENT ALLOCATION MAP

run origin  load origin   length   init length attrs members
----------  ----------- ---------- ----------- ----- -------
00000000    00000000    00000d88   00000d88    r-x
  00000000    00000000    0000026c   0000026c    r-- .intvecs
  0000026c    0000026c    000008e8   000008e8    r-x .text
  00000b54    00000b54    000001f0   000001f0    r-- .const
  00000d48    00000d48    00000040   00000040    r-- .cinit
20000000    20000000    00000488   00000000    rw-
  20000000    20000000    0000026c   00000000    rw- .vtable
  2000026c    2000026c    00000200   00000000    rw- .stack
  2000046c    2000046c    0000001c   00000000    rw- .data


SECTION ALLOCATION MAP

 output                                  attributes/
section   page    origin      length       input sections
--------  ----  ----------  ----------   ----------------
.intvecs   0    00000000    0000026c     
                  00000000    0000026c     tm4c123gh6pm_startup_ccs.obj (.intvecs)

.text      0    0000026c    000008e8     
                  0000026c    00000170     lab-1.obj (.text)
                  000003dc    00000132     driverlib.lib : gpio.obj (.text:GPIOPadConfigSet)
                  0000050e    00000002     --HOLE-- [fill = 0]
                  00000510    000000f4                   : sysctl.obj (.text:SysCtlClockSet)
                  00000604    0000009c     rtsv7M4_T_le_v4SPD16_eabi.lib : memcpy_t2.obj (.text)
                  000006a0    0000007a                                   : memset_t2.obj (.text)
                  0000071a    00000002     --HOLE-- [fill = 0]
                  0000071c    0000006c                                   : autoinit.obj (.text)
                  00000788    0000006a                                   : copy_decompress_rle.obj (.text)
                  000007f2    00000002     --HOLE-- [fill = 0]
                  000007f4    00000068     driverlib.lib : interrupt.obj (.text:IntEnable)
                  0000085c    00000056                   : gpio.obj (.text:GPIOIntTypeSet)
                  000008b2    00000002     --HOLE-- [fill = 0]
                  000008b4    00000050     rtsv7M4_T_le_v4SPD16_eabi.lib : boot.obj (.text)
                  00000904    0000004c                                   : cpy_tbl.obj (.text)
                  00000950    00000044                                   : exit.obj (.text)
                  00000994    00000040     driverlib.lib : gpio.obj (.text:_GPIOIntNumberGet)
                  000009d4    00000034                   : interrupt.obj (.text:IntRegister)
                  00000a08    00000034                   : sysctl.obj (.text:SysCtlPeripheralEnable)
                  00000a3c    0000002a                   : gpio.obj (.text:GPIODirModeSet)
                  00000a66    00000018                   : gpio.obj (.text:GPIOIntRegister)
                  00000a7e    00000018                   : gpio.obj (.text:GPIOPinTypeGPIOOutput)
                  00000a96    00000002     --HOLE-- [fill = 0]
                  00000a98    00000018     rtsv7M4_T_le_v4SPD16_eabi.lib : args_main.obj (.text)
                  00000ab0    00000014                                   : _lock.obj (.text)
                  00000ac4    00000012     driverlib.lib : gpio.obj (.text:GPIOPinTypeGPIOInput)
                  00000ad6    00000010                   : interrupt.obj (.text:IntMasterEnable)
                  00000ae6    0000000e                   : gpio.obj (.text:GPIOIntStatus)
                  00000af4    0000000e     rtsv7M4_T_le_v4SPD16_eabi.lib : copy_decompress_none.obj (.text:decompress:none)
                  00000b02    0000000c     driverlib.lib : cpu.obj (.text:CPUcpsie)
                  00000b0e    0000000c                   : gpio.obj (.text:GPIOIntEnable)
                  00000b1a    0000000c     rtsv7M4_T_le_v4SPD16_eabi.lib : copy_zero_init.obj (.text:decompress:ZI)
                  00000b26    0000000c     tm4c123gh6pm_startup_ccs.obj (.text)
                  00000b32    00000006     driverlib.lib : gpio.obj (.text:GPIOIntClear)
                  00000b38    00000006                   : gpio.obj (.text:GPIOPinRead)
                  00000b3e    00000006                   : gpio.obj (.text:GPIOPinWrite)
                  00000b44    00000006                   : sysctl.obj (.text:SysCtlDelay)
                  00000b4a    00000006     rtsv7M4_T_le_v4SPD16_eabi.lib : copy_decompress_rle.obj (.text:decompress:rle24)
                  00000b50    00000004                                   : pre_init.obj (.text)

.const     0    00000b54    000001f0     
                  00000b54    000000c0     driverlib.lib : gpio.obj (.const:g_ppui32GPIOIntMapBlizzard)
                  00000c14    000000c0                   : gpio.obj (.const:g_ppui32GPIOIntMapSnowflake)
                  00000cd4    00000070                   : interrupt.obj (.const)

.cinit     0    00000d48    00000040     
                  00000d48    00000017     (.cinit..data.load) [load image, compression = rle]
                  00000d5f    00000001     --HOLE-- [fill = 0]
                  00000d60    0000000c     (__TI_handler_table)
                  00000d6c    00000004     --HOLE-- [fill = 0]
                  00000d70    00000008     (.cinit..vtable.load) [load image, compression = zero_init]
                  00000d78    00000010     (__TI_cinit_table)

.init_array 
*          0    00000000    00000000     UNINITIALIZED

.vtable    0    20000000    0000026c     UNINITIALIZED
                  20000000    0000026c     driverlib.lib : interrupt.obj (.vtable)

.data      0    2000046c    0000001c     UNINITIALIZED
                  2000046c    00000008     lab-1.obj (.data)
                  20000474    00000008     rtsv7M4_T_le_v4SPD16_eabi.lib : _lock.obj (.data)
                  2000047c    00000008                                   : exit.obj (.data)
                  20000484    00000004                                   : stkdepth_vars.obj (.data)

.stack     0    2000026c    00000200     UNINITIALIZED
                  2000026c    00000200     --HOLE--

.TI.persistent 
*          0    2000046c    00000000     UNINITIALIZED


LINKER GENERATED COPY TABLES

__TI_cinit_table @ 00000d78 records: 2, size/record: 8, table size: 16
	.data: load addr=00000d48, load size=00000017 bytes, run addr=2000046c, run size=0000001c bytes, compression=rle
	.vtable: load addr=00000d70, load size=00000008 bytes, run addr=20000000, run size=0000026c bytes, compression=zero_init


LINKER GENERATED HANDLER TABLE

__TI_handler_table @ 00000d60 records: 3, size/record: 4, table size: 12
	index: 0, handler: __TI_zero_init
	index: 1, handler: __TI_decompress_rle24
	index: 2, handler: __TI_decompress_none


GLOBAL SYMBOLS: SORTED ALPHABETICALLY BY Name 

address   name                    
-------   ----                    
00000951  C$$EXIT                 
00000b03  CPUcpsie                
00000341  FirstFunc               
00000a3d  GPIODirModeSet          
00000b33  GPIOIntClear            
00000b0f  GPIOIntEnable           
00000a67  GPIOIntRegister         
00000ae7  GPIOIntStatus           
0000085d  GPIOIntTypeSet          
000003dd  GPIOPadConfigSet        
00000b39  GPIOPinRead             
00000ac5  GPIOPinTypeGPIOInput    
00000a7f  GPIOPinTypeGPIOOutput   
00000b3f  GPIOPinWrite            
000007f5  IntEnable               
00000ad7  IntMasterEnable         
000009d5  IntRegister             
00000b27  ResetISR                
UNDEFED   SHT$$INIT_ARRAY$$Base   
UNDEFED   SHT$$INIT_ARRAY$$Limit  
00000511  SysCtlClockSet          
00000b45  SysCtlDelay             
00000a09  SysCtlPeripheralEnable  
2000046c  __STACK_END             
00000200  __STACK_SIZE            
2000046c  __STACK_TOP             
00000d78  __TI_CINIT_Base         
00000d88  __TI_CINIT_Limit        
00000d60  __TI_Handler_Table_Base 
00000d6c  __TI_Handler_Table_Limit
0000071d  __TI_auto_init          
2000047c  __TI_cleanup_ptr        
00000af5  __TI_decompress_none    
00000b4b  __TI_decompress_rle24   
20000480  __TI_dtors_ptr          
00000000  __TI_static_base__      
00000b1b  __TI_zero_init          
000006a1  __aeabi_memclr          
000006a1  __aeabi_memclr4         
000006a1  __aeabi_memclr8         
00000605  __aeabi_memcpy          
00000605  __aeabi_memcpy4         
00000605  __aeabi_memcpy8         
000006a3  __aeabi_memset          
000006a3  __aeabi_memset4         
000006a3  __aeabi_memset8         
ffffffff  __binit__               
ffffffff  __c_args__              
2000026c  __stack                 
00000a99  _args_main              
000008b5  _c_int00                
20000474  _lock                   
00000abf  _nop                    
00000ab7  _register_lock          
00000ab1  _register_unlock        
00000b51  _system_pre_init        
20000478  _unlock                 
00000955  abort                   
ffffffff  binit                   
2000046c  colorVal                
00000905  copy_in                 
20000470  delay                   
000002bd  delay_and_color_Func    
0000095d  exit                    
20000000  g_pfnRAMVectors         
00000000  g_pfnVectors            
00000375  main                    
20000484  main_func_sp            
00000605  memcpy                  
000006a9  memset                  
0000029d  pin_config              
0000026d  setup                   


GLOBAL SYMBOLS: SORTED BY Symbol Address 

address   name                    
-------   ----                    
00000000  __TI_static_base__      
00000000  g_pfnVectors            
00000200  __STACK_SIZE            
0000026d  setup                   
0000029d  pin_config              
000002bd  delay_and_color_Func    
00000341  FirstFunc               
00000375  main                    
000003dd  GPIOPadConfigSet        
00000511  SysCtlClockSet          
00000605  __aeabi_memcpy          
00000605  __aeabi_memcpy4         
00000605  __aeabi_memcpy8         
00000605  memcpy                  
000006a1  __aeabi_memclr          
000006a1  __aeabi_memclr4         
000006a1  __aeabi_memclr8         
000006a3  __aeabi_memset          
000006a3  __aeabi_memset4         
000006a3  __aeabi_memset8         
000006a9  memset                  
0000071d  __TI_auto_init          
000007f5  IntEnable               
0000085d  GPIOIntTypeSet          
000008b5  _c_int00                
00000905  copy_in                 
00000951  C$$EXIT                 
00000955  abort                   
0000095d  exit                    
000009d5  IntRegister             
00000a09  SysCtlPeripheralEnable  
00000a3d  GPIODirModeSet          
00000a67  GPIOIntRegister         
00000a7f  GPIOPinTypeGPIOOutput   
00000a99  _args_main              
00000ab1  _register_unlock        
00000ab7  _register_lock          
00000abf  _nop                    
00000ac5  GPIOPinTypeGPIOInput    
00000ad7  IntMasterEnable         
00000ae7  GPIOIntStatus           
00000af5  __TI_decompress_none    
00000b03  CPUcpsie                
00000b0f  GPIOIntEnable           
00000b1b  __TI_zero_init          
00000b27  ResetISR                
00000b33  GPIOIntClear            
00000b39  GPIOPinRead             
00000b3f  GPIOPinWrite            
00000b45  SysCtlDelay             
00000b4b  __TI_decompress_rle24   
00000b51  _system_pre_init        
00000d60  __TI_Handler_Table_Base 
00000d6c  __TI_Handler_Table_Limit
00000d78  __TI_CINIT_Base         
00000d88  __TI_CINIT_Limit        
20000000  g_pfnRAMVectors         
2000026c  __stack                 
2000046c  __STACK_END             
2000046c  __STACK_TOP             
2000046c  colorVal                
20000470  delay                   
20000474  _lock                   
20000478  _unlock                 
2000047c  __TI_cleanup_ptr        
20000480  __TI_dtors_ptr          
20000484  main_func_sp            
ffffffff  __binit__               
ffffffff  __c_args__              
ffffffff  binit                   
UNDEFED   SHT$$INIT_ARRAY$$Base   
UNDEFED   SHT$$INIT_ARRAY$$Limit  

[72 symbols]
