******************************************************************************
                  TI ARM Linker Unix v5.2.5                    
******************************************************************************
>> Linked Wed Jan 24 15:52:33 2018

OUTPUT FILE NAME:   <Lab_2.out>
ENTRY POINT SYMBOL: "_c_int00"  address: 00000a2d


MEMORY CONFIGURATION

         name            origin    length      used     unused   attr    fill
----------------------  --------  ---------  --------  --------  ----  --------
  FLASH                 00000000   00040000  00000d36  0003f2ca  R  X
  SRAM                  20000000   00008000  0000022c  00007dd4  RW X


SEGMENT ALLOCATION MAP

run origin  load origin   length   init length attrs members
----------  ----------- ---------- ----------- ----- -------
00000000    00000000    00000d3c   00000d3c    r-x
  00000000    00000000    0000026c   0000026c    r-- .intvecs
  0000026c    0000026c    000009c2   000009c2    r-x .text
  00000c30    00000c30    000000dc   000000dc    r-- .const
  00000d10    00000d10    0000002c   0000002c    r-- .cinit
20000000    20000000    0000022c   00000000    rw-
  20000000    20000000    00000200   00000000    rw- .stack
  20000200    20000200    0000002c   00000000    rw- .data


SECTION ALLOCATION MAP

 output                                  attributes/
section   page    origin      length       input sections
--------  ----  ----------  ----------   ----------------
.intvecs   0    00000000    0000026c     
                  00000000    0000026c     tm4c123gh6pm_startup_ccs.obj (.intvecs)

.text      0    0000026c    000009c2     
                  0000026c    000001d0     lab-2.obj (.text)
                  0000043c    00000132     driverlib.lib : gpio.obj (.text:GPIOPadConfigSet)
                  0000056e    00000002     --HOLE-- [fill = 0]
                  00000570    00000110                   : sysctl.obj (.text:SysCtlClockGet)
                  00000680    000000f4                   : sysctl.obj (.text:SysCtlClockSet)
                  00000774    0000009c     rtsv7M4_T_le_v4SPD16_eabi.lib : memcpy_t2.obj (.text)
                  00000810    0000007a                                   : memset_t2.obj (.text)
                  0000088a    00000002     --HOLE-- [fill = 0]
                  0000088c    0000006c                                   : autoinit.obj (.text)
                  000008f8    0000006a                                   : copy_decompress_rle.obj (.text)
                  00000962    00000002     --HOLE-- [fill = 0]
                  00000964    00000068     driverlib.lib : interrupt.obj (.text:IntEnable)
                  000009cc    00000060                   : timer.obj (.text:TimerConfigure)
                  00000a2c    00000050     rtsv7M4_T_le_v4SPD16_eabi.lib : boot.obj (.text)
                  00000a7c    0000004c                                   : cpy_tbl.obj (.text)
                  00000ac8    00000044                                   : exit.obj (.text)
                  00000b0c    00000034     driverlib.lib : sysctl.obj (.text:SysCtlPeripheralEnable)
                  00000b40    0000002a                   : gpio.obj (.text:GPIODirModeSet)
                  00000b6a    00000018                   : gpio.obj (.text:GPIOPinTypeGPIOOutput)
                  00000b82    00000002     --HOLE-- [fill = 0]
                  00000b84    00000018     rtsv7M4_T_le_v4SPD16_eabi.lib : args_main.obj (.text)
                  00000b9c    00000014                                   : _lock.obj (.text)
                  00000bb0    00000012     driverlib.lib : timer.obj (.text:TimerLoadSet)
                  00000bc2    00000010                   : interrupt.obj (.text:IntMasterEnable)
                  00000bd2    0000000e                   : timer.obj (.text:TimerEnable)
                  00000be0    0000000e     rtsv7M4_T_le_v4SPD16_eabi.lib : copy_decompress_none.obj (.text:decompress:none)
                  00000bee    0000000c     driverlib.lib : cpu.obj (.text:CPUcpsie)
                  00000bfa    0000000c     tm4c123gh6pm_startup_ccs.obj (.text)
                  00000c06    00000008     driverlib.lib : timer.obj (.text:TimerIntEnable)
                  00000c0e    00000006                   : gpio.obj (.text:GPIOPinRead)
                  00000c14    00000006                   : gpio.obj (.text:GPIOPinWrite)
                  00000c1a    00000006                   : sysctl.obj (.text:SysCtlDelay)
                  00000c20    00000006     rtsv7M4_T_le_v4SPD16_eabi.lib : copy_decompress_rle.obj (.text:decompress:rle24)
                  00000c26    00000004     driverlib.lib : timer.obj (.text:TimerIntClear)
                  00000c2a    00000004     rtsv7M4_T_le_v4SPD16_eabi.lib : pre_init.obj (.text)

.const     0    00000c30    000000dc     
                  00000c30    00000070     driverlib.lib : interrupt.obj (.const)
                  00000ca0    0000006c                   : sysctl.obj (.const:g_pui32Xtals)

.cinit     0    00000d10    0000002c     
                  00000d10    0000001b     (.cinit..data.load) [load image, compression = rle]
                  00000d2b    00000001     --HOLE-- [fill = 0]
                  00000d2c    00000008     (__TI_handler_table)
                  00000d34    00000008     (__TI_cinit_table)

.init_array 
*          0    00000000    00000000     UNINITIALIZED

.data      0    20000200    0000002c     UNINITIALIZED
                  20000200    00000018     lab-2.obj (.data)
                  20000218    00000008     rtsv7M4_T_le_v4SPD16_eabi.lib : _lock.obj (.data)
                  20000220    00000008                                   : exit.obj (.data)
                  20000228    00000004                                   : stkdepth_vars.obj (.data)

.stack     0    20000000    00000200     UNINITIALIZED
                  20000000    00000200     --HOLE--

.TI.persistent 
*          0    20000200    00000000     UNINITIALIZED


LINKER GENERATED COPY TABLES

__TI_cinit_table @ 00000d34 records: 1, size/record: 8, table size: 8
	.data: load addr=00000d10, load size=0000001b bytes, run addr=20000200, run size=0000002c bytes, compression=rle


LINKER GENERATED HANDLER TABLE

__TI_handler_table @ 00000d2c records: 2, size/record: 4, table size: 8
	index: 0, handler: __TI_decompress_rle24
	index: 1, handler: __TI_decompress_none


GLOBAL SYMBOLS: SORTED ALPHABETICALLY BY Name 

address   name                    
-------   ----                    
00000ac9  C$$EXIT                 
00000bef  CPUcpsie                
00000b41  GPIODirModeSet          
0000043d  GPIOPadConfigSet        
00000c0f  GPIOPinRead             
00000b6b  GPIOPinTypeGPIOOutput   
00000c15  GPIOPinWrite            
00000965  IntEnable               
00000bc3  IntMasterEnable         
00000bfb  ResetISR                
UNDEFED   SHT$$INIT_ARRAY$$Base   
UNDEFED   SHT$$INIT_ARRAY$$Limit  
00000571  SysCtlClockGet          
00000681  SysCtlClockSet          
00000c1b  SysCtlDelay             
00000b0d  SysCtlPeripheralEnable  
0000037b  Timer0IntHandler        
000009cd  TimerConfigure          
00000bd3  TimerEnable             
00000c27  TimerIntClear           
00000c07  TimerIntEnable          
00000bb1  TimerLoadSet            
20000200  __STACK_END             
00000200  __STACK_SIZE            
20000200  __STACK_TOP             
00000d34  __TI_CINIT_Base         
00000d3c  __TI_CINIT_Limit        
00000d2c  __TI_Handler_Table_Base 
00000d34  __TI_Handler_Table_Limit
0000088d  __TI_auto_init          
20000220  __TI_cleanup_ptr        
00000be1  __TI_decompress_none    
00000c21  __TI_decompress_rle24   
20000224  __TI_dtors_ptr          
00000000  __TI_static_base__      
00000811  __aeabi_memclr          
00000811  __aeabi_memclr4         
00000811  __aeabi_memclr8         
00000775  __aeabi_memcpy          
00000775  __aeabi_memcpy4         
00000775  __aeabi_memcpy8         
00000813  __aeabi_memset          
00000813  __aeabi_memset4         
00000813  __aeabi_memset8         
ffffffff  __binit__               
ffffffff  __c_args__              
20000000  __stack                 
00000b85  _args_main              
00000a2d  _c_int00                
20000218  _lock                   
00000bab  _nop                    
00000ba3  _register_lock          
00000b9d  _register_unlock        
00000c2b  _system_pre_init        
2000021c  _unlock                 
00000acd  abort                   
ffffffff  binit                   
20000200  color                   
00000a7d  copy_in                 
20000204  curr_val                
0000026d  detectkeypress          
000002a3  detectkeypress2         
00000ad5  exit                    
20000214  fl                      
20000208  flag                    
00000000  g_pfnVectors            
2000020c  key_val                 
00000315  led_pin_config          
00000321  main                    
20000228  main_func_sp            
00000775  memcpy                  
00000819  memset                  
000002d9  setup                   
20000210  sw2status               


GLOBAL SYMBOLS: SORTED BY Symbol Address 

address   name                    
-------   ----                    
00000000  __TI_static_base__      
00000000  g_pfnVectors            
00000200  __STACK_SIZE            
0000026d  detectkeypress          
000002a3  detectkeypress2         
000002d9  setup                   
00000315  led_pin_config          
00000321  main                    
0000037b  Timer0IntHandler        
0000043d  GPIOPadConfigSet        
00000571  SysCtlClockGet          
00000681  SysCtlClockSet          
00000775  __aeabi_memcpy          
00000775  __aeabi_memcpy4         
00000775  __aeabi_memcpy8         
00000775  memcpy                  
00000811  __aeabi_memclr          
00000811  __aeabi_memclr4         
00000811  __aeabi_memclr8         
00000813  __aeabi_memset          
00000813  __aeabi_memset4         
00000813  __aeabi_memset8         
00000819  memset                  
0000088d  __TI_auto_init          
00000965  IntEnable               
000009cd  TimerConfigure          
00000a2d  _c_int00                
00000a7d  copy_in                 
00000ac9  C$$EXIT                 
00000acd  abort                   
00000ad5  exit                    
00000b0d  SysCtlPeripheralEnable  
00000b41  GPIODirModeSet          
00000b6b  GPIOPinTypeGPIOOutput   
00000b85  _args_main              
00000b9d  _register_unlock        
00000ba3  _register_lock          
00000bab  _nop                    
00000bb1  TimerLoadSet            
00000bc3  IntMasterEnable         
00000bd3  TimerEnable             
00000be1  __TI_decompress_none    
00000bef  CPUcpsie                
00000bfb  ResetISR                
00000c07  TimerIntEnable          
00000c0f  GPIOPinRead             
00000c15  GPIOPinWrite            
00000c1b  SysCtlDelay             
00000c21  __TI_decompress_rle24   
00000c27  TimerIntClear           
00000c2b  _system_pre_init        
00000d2c  __TI_Handler_Table_Base 
00000d34  __TI_CINIT_Base         
00000d34  __TI_Handler_Table_Limit
00000d3c  __TI_CINIT_Limit        
20000000  __stack                 
20000200  __STACK_END             
20000200  __STACK_TOP             
20000200  color                   
20000204  curr_val                
20000208  flag                    
2000020c  key_val                 
20000210  sw2status               
20000214  fl                      
20000218  _lock                   
2000021c  _unlock                 
20000220  __TI_cleanup_ptr        
20000224  __TI_dtors_ptr          
20000228  main_func_sp            
ffffffff  __binit__               
ffffffff  __c_args__              
ffffffff  binit                   
UNDEFED   SHT$$INIT_ARRAY$$Base   
UNDEFED   SHT$$INIT_ARRAY$$Limit  

[74 symbols]
