******************************************************************************
                  TI ARM Linker PC v5.2.5                      
******************************************************************************
>> Linked Wed Jan 24 11:58:35 2018

OUTPUT FILE NAME:   <lab1part3.out>
ENTRY POINT SYMBOL: "_c_int00"  address: 000008bd


MEMORY CONFIGURATION

         name            origin    length      used     unused   attr    fill
----------------------  --------  ---------  --------  --------  ----  --------
  FLASH                 00000000   00040000  00000d8c  0003f274  R  X
  SRAM                  20000000   00008000  00000488  00007b78  RW X


SEGMENT ALLOCATION MAP

run origin  load origin   length   init length attrs members
----------  ----------- ---------- ----------- ----- -------
00000000    00000000    00000d90   00000d90    r-x
  00000000    00000000    0000026c   0000026c    r-- .intvecs
  0000026c    0000026c    000008f0   000008f0    r-x .text
  00000b5c    00000b5c    000001f0   000001f0    r-- .const
  00000d50    00000d50    00000040   00000040    r-- .cinit
20000000    20000000    00000488   00000000    rw-
  20000000    20000000    0000026c   00000000    rw- .vtable
  2000026c    2000026c    00000200   00000000    rw- .stack
  2000046c    2000046c    0000001c   00000000    rw- .data


SECTION ALLOCATION MAP

 output                                  attributes/
section   page    origin      length       input sections
--------  ----  ----------  ----------   ----------------
.intvecs   0    00000000    0000026c     
                  00000000    0000026c     tm4c123gh6pm_startup_ccs.obj (.intvecs)

.text      0    0000026c    000008f0     
                  0000026c    00000178     lab1part3.obj (.text)
                  000003e4    00000132     driverlib.lib : gpio.obj (.text:GPIOPadConfigSet)
                  00000516    00000002     --HOLE-- [fill = 0]
                  00000518    000000f4                   : sysctl.obj (.text:SysCtlClockSet)
                  0000060c    0000009c     rtsv7M4_T_le_v4SPD16_eabi.lib : memcpy_t2.obj (.text)
                  000006a8    0000007a                                   : memset_t2.obj (.text)
                  00000722    00000002     --HOLE-- [fill = 0]
                  00000724    0000006c                                   : autoinit.obj (.text)
                  00000790    0000006a                                   : copy_decompress_rle.obj (.text)
                  000007fa    00000002     --HOLE-- [fill = 0]
                  000007fc    00000068     driverlib.lib : interrupt.obj (.text:IntEnable)
                  00000864    00000056                   : gpio.obj (.text:GPIOIntTypeSet)
                  000008ba    00000002     --HOLE-- [fill = 0]
                  000008bc    00000050     rtsv7M4_T_le_v4SPD16_eabi.lib : boot.obj (.text)
                  0000090c    0000004c                                   : cpy_tbl.obj (.text)
                  00000958    00000044                                   : exit.obj (.text)
                  0000099c    00000040     driverlib.lib : gpio.obj (.text:_GPIOIntNumberGet)
                  000009dc    00000034                   : interrupt.obj (.text:IntRegister)
                  00000a10    00000034                   : sysctl.obj (.text:SysCtlPeripheralEnable)
                  00000a44    0000002a                   : gpio.obj (.text:GPIODirModeSet)
                  00000a6e    00000018                   : gpio.obj (.text:GPIOIntRegister)
                  00000a86    00000018                   : gpio.obj (.text:GPIOPinTypeGPIOOutput)
                  00000a9e    00000002     --HOLE-- [fill = 0]
                  00000aa0    00000018     rtsv7M4_T_le_v4SPD16_eabi.lib : args_main.obj (.text)
                  00000ab8    00000014                                   : _lock.obj (.text)
                  00000acc    00000012     driverlib.lib : gpio.obj (.text:GPIOPinTypeGPIOInput)
                  00000ade    00000010                   : interrupt.obj (.text:IntMasterEnable)
                  00000aee    0000000e                   : gpio.obj (.text:GPIOIntStatus)
                  00000afc    0000000e     rtsv7M4_T_le_v4SPD16_eabi.lib : copy_decompress_none.obj (.text:decompress:none)
                  00000b0a    0000000c     driverlib.lib : cpu.obj (.text:CPUcpsie)
                  00000b16    0000000c                   : gpio.obj (.text:GPIOIntEnable)
                  00000b22    0000000c     rtsv7M4_T_le_v4SPD16_eabi.lib : copy_zero_init.obj (.text:decompress:ZI)
                  00000b2e    0000000c     tm4c123gh6pm_startup_ccs.obj (.text)
                  00000b3a    00000006     driverlib.lib : gpio.obj (.text:GPIOIntClear)
                  00000b40    00000006                   : gpio.obj (.text:GPIOPinRead)
                  00000b46    00000006                   : gpio.obj (.text:GPIOPinWrite)
                  00000b4c    00000006                   : sysctl.obj (.text:SysCtlDelay)
                  00000b52    00000006     rtsv7M4_T_le_v4SPD16_eabi.lib : copy_decompress_rle.obj (.text:decompress:rle24)
                  00000b58    00000004                                   : pre_init.obj (.text)

.const     0    00000b5c    000001f0     
                  00000b5c    000000c0     driverlib.lib : gpio.obj (.const:g_ppui32GPIOIntMapBlizzard)
                  00000c1c    000000c0                   : gpio.obj (.const:g_ppui32GPIOIntMapSnowflake)
                  00000cdc    00000070                   : interrupt.obj (.const)

.cinit     0    00000d50    00000040     
                  00000d50    00000017     (.cinit..data.load) [load image, compression = rle]
                  00000d67    00000001     --HOLE-- [fill = 0]
                  00000d68    0000000c     (__TI_handler_table)
                  00000d74    00000004     --HOLE-- [fill = 0]
                  00000d78    00000008     (.cinit..vtable.load) [load image, compression = zero_init]
                  00000d80    00000010     (__TI_cinit_table)

.init_array 
*          0    00000000    00000000     UNINITIALIZED

.vtable    0    20000000    0000026c     UNINITIALIZED
                  20000000    0000026c     driverlib.lib : interrupt.obj (.vtable)

.stack     0    2000026c    00000200     UNINITIALIZED
                  2000026c    00000200     --HOLE--

.data      0    2000046c    0000001c     UNINITIALIZED
                  2000046c    00000008     rtsv7M4_T_le_v4SPD16_eabi.lib : _lock.obj (.data)
                  20000474    00000008                                   : exit.obj (.data)
                  2000047c    00000005     lab1part3.obj (.data)
                  20000481    00000003     --HOLE--
                  20000484    00000004     rtsv7M4_T_le_v4SPD16_eabi.lib : stkdepth_vars.obj (.data)

.TI.persistent 
*          0    2000046c    00000000     UNINITIALIZED


LINKER GENERATED COPY TABLES

__TI_cinit_table @ 00000d80 records: 2, size/record: 8, table size: 16
	.data: load addr=00000d50, load size=00000017 bytes, run addr=2000046c, run size=0000001c bytes, compression=rle
	.vtable: load addr=00000d78, load size=00000008 bytes, run addr=20000000, run size=0000026c bytes, compression=zero_init


LINKER GENERATED HANDLER TABLE

__TI_handler_table @ 00000d68 records: 3, size/record: 4, table size: 12
	index: 0, handler: __TI_zero_init
	index: 1, handler: __TI_decompress_rle24
	index: 2, handler: __TI_decompress_none


GLOBAL SYMBOLS: SORTED ALPHABETICALLY BY Name 

address   name                    
-------   ----                    
00000959  C$$EXIT                 
00000b0b  CPUcpsie                
00000a45  GPIODirModeSet          
00000b3b  GPIOIntClear            
00000b17  GPIOIntEnable           
00000a6f  GPIOIntRegister         
00000aef  GPIOIntStatus           
00000865  GPIOIntTypeSet          
000003e5  GPIOPadConfigSet        
00000b41  GPIOPinRead             
00000acd  GPIOPinTypeGPIOInput    
00000a87  GPIOPinTypeGPIOOutput   
00000b47  GPIOPinWrite            
000007fd  IntEnable               
00000adf  IntMasterEnable         
000009dd  IntRegister             
00000b2f  ResetISR                
UNDEFED   SHT$$INIT_ARRAY$$Base   
UNDEFED   SHT$$INIT_ARRAY$$Limit  
00000519  SysCtlClockSet          
00000b4d  SysCtlDelay             
00000a11  SysCtlPeripheralEnable  
2000046c  __STACK_END             
00000200  __STACK_SIZE            
2000046c  __STACK_TOP             
00000d80  __TI_CINIT_Base         
00000d90  __TI_CINIT_Limit        
00000d68  __TI_Handler_Table_Base 
00000d74  __TI_Handler_Table_Limit
00000725  __TI_auto_init          
20000474  __TI_cleanup_ptr        
00000afd  __TI_decompress_none    
00000b53  __TI_decompress_rle24   
20000478  __TI_dtors_ptr          
00000000  __TI_static_base__      
00000b23  __TI_zero_init          
000006a9  __aeabi_memclr          
000006a9  __aeabi_memclr4         
000006a9  __aeabi_memclr8         
0000060d  __aeabi_memcpy          
0000060d  __aeabi_memcpy4         
0000060d  __aeabi_memcpy8         
000006ab  __aeabi_memset          
000006ab  __aeabi_memset4         
000006ab  __aeabi_memset8         
ffffffff  __binit__               
ffffffff  __c_args__              
2000026c  __stack                 
00000aa1  _args_main              
000008bd  _c_int00                
2000046c  _lock                   
00000ac7  _nop                    
00000abf  _register_lock          
00000ab9  _register_unlock        
00000b59  _system_pre_init        
20000470  _unlock                 
0000095d  abort                   
ffffffff  binit                   
0000090d  copy_in                 
2000047c  delayMul                
00000965  exit                    
20000000  g_pfnRAMVectors         
00000000  g_pfnVectors            
000002c9  inter2                  
00000349  interruptManager        
0000037d  main                    
20000484  main_func_sp            
0000060d  memcpy                  
000006b1  memset                  
0000029d  pin_config              
0000026d  setup                   
20000480  ui8LED                  


GLOBAL SYMBOLS: SORTED BY Symbol Address 

address   name                    
-------   ----                    
00000000  __TI_static_base__      
00000000  g_pfnVectors            
00000200  __STACK_SIZE            
0000026d  setup                   
0000029d  pin_config              
000002c9  inter2                  
00000349  interruptManager        
0000037d  main                    
000003e5  GPIOPadConfigSet        
00000519  SysCtlClockSet          
0000060d  __aeabi_memcpy          
0000060d  __aeabi_memcpy4         
0000060d  __aeabi_memcpy8         
0000060d  memcpy                  
000006a9  __aeabi_memclr          
000006a9  __aeabi_memclr4         
000006a9  __aeabi_memclr8         
000006ab  __aeabi_memset          
000006ab  __aeabi_memset4         
000006ab  __aeabi_memset8         
000006b1  memset                  
00000725  __TI_auto_init          
000007fd  IntEnable               
00000865  GPIOIntTypeSet          
000008bd  _c_int00                
0000090d  copy_in                 
00000959  C$$EXIT                 
0000095d  abort                   
00000965  exit                    
000009dd  IntRegister             
00000a11  SysCtlPeripheralEnable  
00000a45  GPIODirModeSet          
00000a6f  GPIOIntRegister         
00000a87  GPIOPinTypeGPIOOutput   
00000aa1  _args_main              
00000ab9  _register_unlock        
00000abf  _register_lock          
00000ac7  _nop                    
00000acd  GPIOPinTypeGPIOInput    
00000adf  IntMasterEnable         
00000aef  GPIOIntStatus           
00000afd  __TI_decompress_none    
00000b0b  CPUcpsie                
00000b17  GPIOIntEnable           
00000b23  __TI_zero_init          
00000b2f  ResetISR                
00000b3b  GPIOIntClear            
00000b41  GPIOPinRead             
00000b47  GPIOPinWrite            
00000b4d  SysCtlDelay             
00000b53  __TI_decompress_rle24   
00000b59  _system_pre_init        
00000d68  __TI_Handler_Table_Base 
00000d74  __TI_Handler_Table_Limit
00000d80  __TI_CINIT_Base         
00000d90  __TI_CINIT_Limit        
20000000  g_pfnRAMVectors         
2000026c  __stack                 
2000046c  __STACK_END             
2000046c  __STACK_TOP             
2000046c  _lock                   
20000470  _unlock                 
20000474  __TI_cleanup_ptr        
20000478  __TI_dtors_ptr          
2000047c  delayMul                
20000480  ui8LED                  
20000484  main_func_sp            
ffffffff  __binit__               
ffffffff  __c_args__              
ffffffff  binit                   
UNDEFED   SHT$$INIT_ARRAY$$Base   
UNDEFED   SHT$$INIT_ARRAY$$Limit  

[72 symbols]
