******************************************************************************
                  TI ARM Linker PC v5.2.5                      
******************************************************************************
>> Linked Wed Jan 24 12:43:09 2018

OUTPUT FILE NAME:   <lab3.out>
ENTRY POINT SYMBOL: "_c_int00"  address: 00000f31


MEMORY CONFIGURATION

         name            origin    length      used     unused   attr    fill
----------------------  --------  ---------  --------  --------  ----  --------
  FLASH                 00000000   00040000  000013b0  0003ec50  R  X
  SRAM                  20000000   00008000  00000234  00007dcc  RW X


SEGMENT ALLOCATION MAP

run origin  load origin   length   init length attrs members
----------  ----------- ---------- ----------- ----- -------
00000000    00000000    000013b0   000013b0    r-x
  00000000    00000000    0000026c   0000026c    r-- .intvecs
  0000026c    0000026c    00000f90   00000f90    r-x .text
  000011fc    000011fc    0000016c   0000016c    r-- .const
  00001368    00001368    00000048   00000048    r-- .cinit
20000000    20000000    00000234   00000000    rw-
  20000000    20000000    00000200   00000000    rw- .stack
  20000200    20000200    00000028   00000000    rw- .data
  20000228    20000228    0000000c   00000000    rw- .bss


SECTION ALLOCATION MAP

 output                                  attributes/
section   page    origin      length       input sections
--------  ----  ----------  ----------   ----------------
.intvecs   0    00000000    0000026c     
                  00000000    0000026c     tm4c123gh6pm_startup_ccs.obj (.intvecs)

.text      0    0000026c    00000f90     
                  0000026c    000006d4     main.obj (.text)
                  00000940    00000132     driverlib.lib : gpio.obj (.text:GPIOPadConfigSet)
                  00000a72    00000002     --HOLE-- [fill = 0]
                  00000a74    00000110                   : sysctl.obj (.text:SysCtlClockGet)
                  00000b84    000000f4                   : sysctl.obj (.text:SysCtlClockSet)
                  00000c78    0000009c     rtsv7M4_T_le_v4SPD16_eabi.lib : memcpy_t2.obj (.text)
                  00000d14    0000007a                                   : memset_t2.obj (.text)
                  00000d8e    00000002     --HOLE-- [fill = 0]
                  00000d90    0000006c                                   : autoinit.obj (.text)
                  00000dfc    0000006a                                   : copy_decompress_rle.obj (.text)
                  00000e66    00000002     --HOLE-- [fill = 0]
                  00000e68    00000068     driverlib.lib : interrupt.obj (.text:IntEnable)
                  00000ed0    00000060                   : timer.obj (.text:TimerConfigure)
                  00000f30    00000050     rtsv7M4_T_le_v4SPD16_eabi.lib : boot.obj (.text)
                  00000f80    0000004c                                   : cpy_tbl.obj (.text)
                  00000fcc    00000048     driverlib.lib : gpio.obj (.text:GPIOPinConfigure)
                  00001014    00000044     rtsv7M4_T_le_v4SPD16_eabi.lib : exit.obj (.text)
                  00001058    00000034     driverlib.lib : sysctl.obj (.text:SysCtlPeripheralEnable)
                  0000108c    0000002a                   : gpio.obj (.text:GPIODirModeSet)
                  000010b6    00000022                   : pwm.obj (.text:PWMGenConfigure)
                  000010d8    0000001e                   : pwm.obj (.text:PWMPulseWidthSet)
                  000010f6    00000002     --HOLE-- [fill = 0]
                  000010f8    00000018     rtsv7M4_T_le_v4SPD16_eabi.lib : args_main.obj (.text)
                  00001110    00000014     driverlib.lib : sysctl.obj (.text:SysCtlPWMClockSet)
                  00001124    00000014     rtsv7M4_T_le_v4SPD16_eabi.lib : _lock.obj (.text)
                  00001138    00000012     driverlib.lib : gpio.obj (.text:GPIOPinTypePWM)
                  0000114a    00000012                   : pwm.obj (.text:PWMOutputState)
                  0000115c    00000012                   : timer.obj (.text:TimerLoadSet)
                  0000116e    00000010                   : interrupt.obj (.text:IntMasterEnable)
                  0000117e    00000010                   : pwm.obj (.text:PWMGenPeriodSet)
                  0000118e    0000000e                   : timer.obj (.text:TimerEnable)
                  0000119c    0000000e     rtsv7M4_T_le_v4SPD16_eabi.lib : copy_decompress_none.obj (.text:decompress:none)
                  000011aa    0000000c     driverlib.lib : cpu.obj (.text:CPUcpsie)
                  000011b6    0000000c                   : pwm.obj (.text:PWMGenEnable)
                  000011c2    0000000c     rtsv7M4_T_le_v4SPD16_eabi.lib : copy_zero_init.obj (.text:decompress:ZI)
                  000011ce    0000000c     tm4c123gh6pm_startup_ccs.obj (.text)
                  000011da    00000008     driverlib.lib : timer.obj (.text:TimerIntEnable)
                  000011e2    00000006                   : gpio.obj (.text:GPIOPinRead)
                  000011e8    00000006                   : sysctl.obj (.text:SysCtlDelay)
                  000011ee    00000006     rtsv7M4_T_le_v4SPD16_eabi.lib : copy_decompress_rle.obj (.text:decompress:rle24)
                  000011f4    00000004     driverlib.lib : timer.obj (.text:TimerIntClear)
                  000011f8    00000004     rtsv7M4_T_le_v4SPD16_eabi.lib : pre_init.obj (.text)

.const     0    000011fc    0000016c     
                  000011fc    00000090     driverlib.lib : gpio.obj (.const:g_pui32GPIOBaseAddrs)
                  0000128c    00000070                   : interrupt.obj (.const)
                  000012fc    0000006c                   : sysctl.obj (.const:g_pui32Xtals)

.cinit     0    00001368    00000048     
                  00001368    0000001e     (.cinit..data.load) [load image, compression = rle]
                  00001386    00000002     --HOLE-- [fill = 0]
                  00001388    0000000c     (__TI_handler_table)
                  00001394    00000004     --HOLE-- [fill = 0]
                  00001398    00000008     (.cinit..bss.load) [load image, compression = zero_init]
                  000013a0    00000010     (__TI_cinit_table)

.init_array 
*          0    00000000    00000000     UNINITIALIZED

.stack     0    20000000    00000200     UNINITIALIZED
                  20000000    00000200     --HOLE--

.data      0    20000200    00000028     UNINITIALIZED
                  20000200    00000011     main.obj (.data)
                  20000211    00000003     --HOLE--
                  20000214    00000008     rtsv7M4_T_le_v4SPD16_eabi.lib : _lock.obj (.data)
                  2000021c    00000008                                   : exit.obj (.data)
                  20000224    00000004                                   : stkdepth_vars.obj (.data)

.bss       0    20000228    0000000c     UNINITIALIZED
                  20000228    00000004     (.common:delay)
                  2000022c    00000004     (.common:ui32Load)
                  20000230    00000004     (.common:ui32PWMClock)

.TI.persistent 
*          0    20000200    00000000     UNINITIALIZED

.TI.noinit 
*          0    20000228    00000000     UNINITIALIZED


LINKER GENERATED COPY TABLES

__TI_cinit_table @ 000013a0 records: 2, size/record: 8, table size: 16
	.data: load addr=00001368, load size=0000001e bytes, run addr=20000200, run size=00000028 bytes, compression=rle
	.bss: load addr=00001398, load size=00000008 bytes, run addr=20000228, run size=0000000c bytes, compression=zero_init


LINKER GENERATED HANDLER TABLE

__TI_handler_table @ 00001388 records: 3, size/record: 4, table size: 12
	index: 0, handler: __TI_decompress_rle24
	index: 1, handler: __TI_decompress_none
	index: 2, handler: __TI_zero_init


GLOBAL SYMBOLS: SORTED ALPHABETICALLY BY Name 

address   name                    
-------   ----                    
00001015  C$$EXIT                 
000011ab  CPUcpsie                
0000108d  GPIODirModeSet          
00000941  GPIOPadConfigSet        
00000fcd  GPIOPinConfigure        
000011e3  GPIOPinRead             
00001139  GPIOPinTypePWM          
00000e69  IntEnable               
0000116f  IntMasterEnable         
000010b7  PWMGenConfigure         
000011b7  PWMGenEnable            
0000117f  PWMGenPeriodSet         
0000114b  PWMOutputState          
000010d9  PWMPulseWidthSet        
000011cf  ResetISR                
UNDEFED   SHT$$INIT_ARRAY$$Base   
UNDEFED   SHT$$INIT_ARRAY$$Limit  
00000a75  SysCtlClockGet          
00000b85  SysCtlClockSet          
000011e9  SysCtlDelay             
00001111  SysCtlPWMClockSet       
00001059  SysCtlPeripheralEnable  
0000053d  Timer0IntHandler        
00000ed1  TimerConfigure          
0000118f  TimerEnable             
000011f5  TimerIntClear           
000011db  TimerIntEnable          
0000115d  TimerLoadSet            
20000200  __STACK_END             
00000200  __STACK_SIZE            
20000200  __STACK_TOP             
000013a0  __TI_CINIT_Base         
000013b0  __TI_CINIT_Limit        
00001388  __TI_Handler_Table_Base 
00001394  __TI_Handler_Table_Limit
00000d91  __TI_auto_init          
2000021c  __TI_cleanup_ptr        
0000119d  __TI_decompress_none    
000011ef  __TI_decompress_rle24   
20000220  __TI_dtors_ptr          
00000000  __TI_static_base__      
000011c3  __TI_zero_init          
00000d15  __aeabi_memclr          
00000d15  __aeabi_memclr4         
00000d15  __aeabi_memclr8         
00000c79  __aeabi_memcpy          
00000c79  __aeabi_memcpy4         
00000c79  __aeabi_memcpy8         
00000d17  __aeabi_memset          
00000d17  __aeabi_memset4         
00000d17  __aeabi_memset8         
ffffffff  __binit__               
ffffffff  __c_args__              
20000000  __stack                 
000010f9  _args_main              
00000f31  _c_int00                
20000214  _lock                   
00001133  _nop                    
0000112b  _register_lock          
00001125  _register_unlock        
000011f9  _system_pre_init        
20000218  _unlock                 
00001019  abort                   
ffffffff  binit                   
00000f81  copy_in                 
20000228  delay                   
20000200  delay_count             
0000029d  detectKeyPress1         
000002d5  detectKeyPress2         
00001021  exit                    
00000000  g_pfnVectors            
0000026d  interruptManager        
0000030d  main                    
20000224  main_func_sp            
00000c79  memcpy                  
00000d1d  memset                  
00000621  mode1                   
0000075f  mode2                   
00000845  mode3                   
2000020c  modeCount               
20000208  press_count             
20000204  sw1                     
20000205  sw2                     
0000028b  timer_config            
2000022c  ui32Load                
20000230  ui32PWMClock            
20000210  ui8Adjust               


GLOBAL SYMBOLS: SORTED BY Symbol Address 

address   name                    
-------   ----                    
00000000  __TI_static_base__      
00000000  g_pfnVectors            
00000200  __STACK_SIZE            
0000026d  interruptManager        
0000028b  timer_config            
0000029d  detectKeyPress1         
000002d5  detectKeyPress2         
0000030d  main                    
0000053d  Timer0IntHandler        
00000621  mode1                   
0000075f  mode2                   
00000845  mode3                   
00000941  GPIOPadConfigSet        
00000a75  SysCtlClockGet          
00000b85  SysCtlClockSet          
00000c79  __aeabi_memcpy          
00000c79  __aeabi_memcpy4         
00000c79  __aeabi_memcpy8         
00000c79  memcpy                  
00000d15  __aeabi_memclr          
00000d15  __aeabi_memclr4         
00000d15  __aeabi_memclr8         
00000d17  __aeabi_memset          
00000d17  __aeabi_memset4         
00000d17  __aeabi_memset8         
00000d1d  memset                  
00000d91  __TI_auto_init          
00000e69  IntEnable               
00000ed1  TimerConfigure          
00000f31  _c_int00                
00000f81  copy_in                 
00000fcd  GPIOPinConfigure        
00001015  C$$EXIT                 
00001019  abort                   
00001021  exit                    
00001059  SysCtlPeripheralEnable  
0000108d  GPIODirModeSet          
000010b7  PWMGenConfigure         
000010d9  PWMPulseWidthSet        
000010f9  _args_main              
00001111  SysCtlPWMClockSet       
00001125  _register_unlock        
0000112b  _register_lock          
00001133  _nop                    
00001139  GPIOPinTypePWM          
0000114b  PWMOutputState          
0000115d  TimerLoadSet            
0000116f  IntMasterEnable         
0000117f  PWMGenPeriodSet         
0000118f  TimerEnable             
0000119d  __TI_decompress_none    
000011ab  CPUcpsie                
000011b7  PWMGenEnable            
000011c3  __TI_zero_init          
000011cf  ResetISR                
000011db  TimerIntEnable          
000011e3  GPIOPinRead             
000011e9  SysCtlDelay             
000011ef  __TI_decompress_rle24   
000011f5  TimerIntClear           
000011f9  _system_pre_init        
00001388  __TI_Handler_Table_Base 
00001394  __TI_Handler_Table_Limit
000013a0  __TI_CINIT_Base         
000013b0  __TI_CINIT_Limit        
20000000  __stack                 
20000200  __STACK_END             
20000200  __STACK_TOP             
20000200  delay_count             
20000204  sw1                     
20000205  sw2                     
20000208  press_count             
2000020c  modeCount               
20000210  ui8Adjust               
20000214  _lock                   
20000218  _unlock                 
2000021c  __TI_cleanup_ptr        
20000220  __TI_dtors_ptr          
20000224  main_func_sp            
20000228  delay                   
2000022c  ui32Load                
20000230  ui32PWMClock            
ffffffff  __binit__               
ffffffff  __c_args__              
ffffffff  binit                   
UNDEFED   SHT$$INIT_ARRAY$$Base   
UNDEFED   SHT$$INIT_ARRAY$$Limit  

[87 symbols]
