******************************************************************************
                  TI ARM Linker Unix v5.2.5                    
******************************************************************************
>> Linked Wed Feb  7 16:02:56 2018

OUTPUT FILE NAME:   <Lab_5.out>
ENTRY POINT SYMBOL: "_c_int00"  address: 00000ebd


MEMORY CONFIGURATION

         name            origin    length      used     unused   attr    fill
----------------------  --------  ---------  --------  --------  ----  --------
  FLASH                 00000000   00040000  00001c88  0003e378  R  X
  SRAM                  20000000   00008000  00002240  00005dc0  RW X


SEGMENT ALLOCATION MAP

run origin  load origin   length   init length attrs members
----------  ----------- ---------- ----------- ----- -------
00000000    00000000    00001c88   00001c88    r-x
  00000000    00000000    0000026c   0000026c    r-- .intvecs
  0000026c    0000026c    00000ecc   00000ecc    r-x .text
  00001138    00001138    00000b50   00000b50    r-- .cinit
20000000    20000000    00002240   00000000    rw-
  20000000    20000000    00002018   00000000    rw- .data
  20002018    20002018    00000200   00000000    rw- .stack
  20002218    20002218    00000028   00000000    rw- .bss


SECTION ALLOCATION MAP

 output                                  attributes/
section   page    origin      length       input sections
--------  ----  ----------  ----------   ----------------
.intvecs   0    00000000    0000026c     
                  00000000    0000026c     tm4c123gh6pm_startup_ccs.obj (.intvecs)

.text      0    0000026c    00000ecc     
                  0000026c    000007c0     main.obj (.text)
                  00000a2c    00000132     driverlib.lib : gpio.obj (.text:GPIOPadConfigSet)
                  00000b5e    00000002     --HOLE-- [fill = 0]
                  00000b60    000000f4                   : sysctl.obj (.text:SysCtlClockSet)
                  00000c54    0000009c     rtsv7M4_T_le_v4SPD16_eabi.lib : memcpy_t2.obj (.text)
                  00000cf0    0000007a     driverlib.lib : adc.obj (.text:ADCSequenceStepConfigure)
                  00000d6a    0000007a     rtsv7M4_T_le_v4SPD16_eabi.lib : memset_t2.obj (.text)
                  00000de4    0000006c                                   : autoinit.obj (.text)
                  00000e50    0000006a                                   : copy_decompress_rle.obj (.text)
                  00000eba    00000002     --HOLE-- [fill = 0]
                  00000ebc    00000050                                   : boot.obj (.text)
                  00000f0c    0000004c                                   : cpy_tbl.obj (.text)
                  00000f58    00000044                                   : exit.obj (.text)
                  00000f9c    0000003e     driverlib.lib : adc.obj (.text:ADCSequenceConfigure)
                  00000fda    00000002     --HOLE-- [fill = 0]
                  00000fdc    00000034                   : sysctl.obj (.text:SysCtlPeripheralEnable)
                  00001010    0000002e                   : adc.obj (.text:ADCIntStatus)
                  0000103e    0000002a                   : gpio.obj (.text:GPIODirModeSet)
                  00001068    0000001e                   : adc.obj (.text:ADCSequenceDataGet)
                  00001086    00000018                   : adc.obj (.text:ADCProcessorTrigger)
                  0000109e    00000018                   : gpio.obj (.text:GPIOPinTypeGPIOOutput)
                  000010b6    00000002     --HOLE-- [fill = 0]
                  000010b8    00000018     rtsv7M4_T_le_v4SPD16_eabi.lib : args_main.obj (.text)
                  000010d0    00000014                                   : _lock.obj (.text)
                  000010e4    0000000e     driverlib.lib : adc.obj (.text:ADCSequenceEnable)
                  000010f2    0000000e     rtsv7M4_T_le_v4SPD16_eabi.lib : copy_decompress_none.obj (.text:decompress:none)
                  00001100    0000000c                                   : copy_zero_init.obj (.text:decompress:ZI)
                  0000110c    0000000c     tm4c123gh6pm_startup_ccs.obj (.text)
                  00001118    0000000a     driverlib.lib : adc.obj (.text:ADCIntClear)
                  00001122    00000006                   : gpio.obj (.text:GPIOPinWrite)
                  00001128    00000006                   : sysctl.obj (.text:SysCtlDelay)
                  0000112e    00000006     rtsv7M4_T_le_v4SPD16_eabi.lib : copy_decompress_rle.obj (.text:decompress:rle24)
                  00001134    00000004                                   : pre_init.obj (.text)

.cinit     0    00001138    00000b50     
                  00001138    00000b2c     (.cinit..data.load) [load image, compression = rle]
                  00001c64    0000000c     (__TI_handler_table)
                  00001c70    00000008     (.cinit..bss.load) [load image, compression = zero_init]
                  00001c78    00000010     (__TI_cinit_table)

.init_array 
*          0    00000000    00000000     UNINITIALIZED

.data      0    20000000    00002018     UNINITIALIZED
                  20000000    00000400     main.obj (.data:eight)
                  20000400    00000400     main.obj (.data:five)
                  20000800    00000400     main.obj (.data:four)
                  20000c00    00000400     main.obj (.data:one)
                  20001000    00000400     main.obj (.data:seven)
                  20001400    00000400     main.obj (.data:six)
                  20001800    00000400     main.obj (.data:three)
                  20001c00    00000400     main.obj (.data:two)
                  20002000    00000008     rtsv7M4_T_le_v4SPD16_eabi.lib : _lock.obj (.data)
                  20002008    00000008                                   : exit.obj (.data)
                  20002010    00000004     main.obj (.data)
                  20002014    00000004     rtsv7M4_T_le_v4SPD16_eabi.lib : stkdepth_vars.obj (.data)

.bss       0    20002218    00000028     UNINITIALIZED
                  20002218    00000010     (.common:horizontal)
                  20002228    00000010     (.common:vertical)
                  20002238    00000004     (.common:h_avg)
                  2000223c    00000004     (.common:v_avg)

.TI.persistent 
*          0    20000000    00000000     UNINITIALIZED

.stack     0    20002018    00000200     UNINITIALIZED
                  20002018    00000200     --HOLE--

.TI.noinit 
*          0    20002218    00000000     UNINITIALIZED


LINKER GENERATED COPY TABLES

__TI_cinit_table @ 00001c78 records: 2, size/record: 8, table size: 16
	.data: load addr=00001138, load size=00000b2c bytes, run addr=20000000, run size=00002018 bytes, compression=rle
	.bss: load addr=00001c70, load size=00000008 bytes, run addr=20002218, run size=00000028 bytes, compression=zero_init


LINKER GENERATED HANDLER TABLE

__TI_handler_table @ 00001c64 records: 3, size/record: 4, table size: 12
	index: 0, handler: __TI_decompress_rle24
	index: 1, handler: __TI_decompress_none
	index: 2, handler: __TI_zero_init


GLOBAL SYMBOLS: SORTED ALPHABETICALLY BY Name 

address   name                    
-------   ----                    
00001119  ADCIntClear             
00001011  ADCIntStatus            
00001087  ADCProcessorTrigger     
00000f9d  ADCSequenceConfigure    
00001069  ADCSequenceDataGet      
000010e5  ADCSequenceEnable       
00000cf1  ADCSequenceStepConfigure
00000f59  C$$EXIT                 
0000103f  GPIODirModeSet          
00000a2d  GPIOPadConfigSet        
0000109f  GPIOPinTypeGPIOOutput   
00001123  GPIOPinWrite            
0000110d  ResetISR                
UNDEFED   SHT$$INIT_ARRAY$$Base   
UNDEFED   SHT$$INIT_ARRAY$$Limit  
00000b61  SysCtlClockSet          
00001129  SysCtlDelay             
00000fdd  SysCtlPeripheralEnable  
20002218  __STACK_END             
00000200  __STACK_SIZE            
20002218  __STACK_TOP             
00001c78  __TI_CINIT_Base         
00001c88  __TI_CINIT_Limit        
00001c64  __TI_Handler_Table_Base 
00001c70  __TI_Handler_Table_Limit
00000de5  __TI_auto_init          
20002008  __TI_cleanup_ptr        
000010f3  __TI_decompress_none    
0000112f  __TI_decompress_rle24   
2000200c  __TI_dtors_ptr          
00000000  __TI_static_base__      
00001101  __TI_zero_init          
00000d6b  __aeabi_memclr          
00000d6b  __aeabi_memclr4         
00000d6b  __aeabi_memclr8         
00000c55  __aeabi_memcpy          
00000c55  __aeabi_memcpy4         
00000c55  __aeabi_memcpy8         
00000d6d  __aeabi_memset          
00000d6d  __aeabi_memset4         
00000d6d  __aeabi_memset8         
ffffffff  __binit__               
ffffffff  __c_args__              
20002018  __stack                 
000010b9  _args_main              
00000ebd  _c_int00                
20002000  _lock                   
000010df  _nop                    
000010d7  _register_lock          
000010d1  _register_unlock        
00001135  _system_pre_init        
20002004  _unlock                 
00000f5d  abort                   
ffffffff  binit                   
00000f0d  copy_in                 
20002010  delay_value             
00000495  display_image           
20000000  eight                   
00000f65  exit                    
20000400  five                    
20000800  four                    
00000000  g_pfnVectors            
00000423  glcd_cleardisplay       
0000026d  glcd_cmd                
000002c7  glcd_data               
00000321  glcd_init               
000003d5  glcd_setcolumn          
00000391  glcd_setpage            
20002238  h_avg                   
20002218  horizontal              
00000795  main                    
20002014  main_func_sp            
00000c55  memcpy                  
00000d73  memset                  
20000c00  one                     
20001000  seven                   
20001400  six                     
20001800  three                   
20001c00  two                     
2000223c  v_avg                   
20002228  vertical                


GLOBAL SYMBOLS: SORTED BY Symbol Address 

address   name                    
-------   ----                    
00000000  __TI_static_base__      
00000000  g_pfnVectors            
00000200  __STACK_SIZE            
0000026d  glcd_cmd                
000002c7  glcd_data               
00000321  glcd_init               
00000391  glcd_setpage            
000003d5  glcd_setcolumn          
00000423  glcd_cleardisplay       
00000495  display_image           
00000795  main                    
00000a2d  GPIOPadConfigSet        
00000b61  SysCtlClockSet          
00000c55  __aeabi_memcpy          
00000c55  __aeabi_memcpy4         
00000c55  __aeabi_memcpy8         
00000c55  memcpy                  
00000cf1  ADCSequenceStepConfigure
00000d6b  __aeabi_memclr          
00000d6b  __aeabi_memclr4         
00000d6b  __aeabi_memclr8         
00000d6d  __aeabi_memset          
00000d6d  __aeabi_memset4         
00000d6d  __aeabi_memset8         
00000d73  memset                  
00000de5  __TI_auto_init          
00000ebd  _c_int00                
00000f0d  copy_in                 
00000f59  C$$EXIT                 
00000f5d  abort                   
00000f65  exit                    
00000f9d  ADCSequenceConfigure    
00000fdd  SysCtlPeripheralEnable  
00001011  ADCIntStatus            
0000103f  GPIODirModeSet          
00001069  ADCSequenceDataGet      
00001087  ADCProcessorTrigger     
0000109f  GPIOPinTypeGPIOOutput   
000010b9  _args_main              
000010d1  _register_unlock        
000010d7  _register_lock          
000010df  _nop                    
000010e5  ADCSequenceEnable       
000010f3  __TI_decompress_none    
00001101  __TI_zero_init          
0000110d  ResetISR                
00001119  ADCIntClear             
00001123  GPIOPinWrite            
00001129  SysCtlDelay             
0000112f  __TI_decompress_rle24   
00001135  _system_pre_init        
00001c64  __TI_Handler_Table_Base 
00001c70  __TI_Handler_Table_Limit
00001c78  __TI_CINIT_Base         
00001c88  __TI_CINIT_Limit        
20000000  eight                   
20000400  five                    
20000800  four                    
20000c00  one                     
20001000  seven                   
20001400  six                     
20001800  three                   
20001c00  two                     
20002000  _lock                   
20002004  _unlock                 
20002008  __TI_cleanup_ptr        
2000200c  __TI_dtors_ptr          
20002010  delay_value             
20002014  main_func_sp            
20002018  __stack                 
20002218  __STACK_END             
20002218  __STACK_TOP             
20002218  horizontal              
20002228  vertical                
20002238  h_avg                   
2000223c  v_avg                   
ffffffff  __binit__               
ffffffff  __c_args__              
ffffffff  binit                   
UNDEFED   SHT$$INIT_ARRAY$$Base   
UNDEFED   SHT$$INIT_ARRAY$$Limit  

[81 symbols]
