******************************************************************************
                  TI ARM Linker Unix v5.2.5                    
******************************************************************************
>> Linked Wed Jan 17 16:29:50 2018

OUTPUT FILE NAME:   <Lab_1_2.out>
ENTRY POINT SYMBOL: "_c_int00"  address: 00000735


MEMORY CONFIGURATION

         name            origin    length      used     unused   attr    fill
----------------------  --------  ---------  --------  --------  ----  --------
  FLASH                 00000000   00040000  00000920  0003f6e0  R  X
  SRAM                  20000000   00008000  00000214  00007dec  RW X


SEGMENT ALLOCATION MAP

run origin  load origin   length   init length attrs members
----------  ----------- ---------- ----------- ----- -------
00000000    00000000    00000920   00000920    r-x
  00000000    00000000    0000026c   0000026c    r-- .intvecs
  0000026c    0000026c    00000694   00000694    r-x .text
  00000900    00000900    00000020   00000020    r-- .cinit
20000000    20000000    00000214   00000000    rw-
  20000000    20000000    00000200   00000000    rw- .stack
  20000200    20000200    00000014   00000000    rw- .data


SECTION ALLOCATION MAP

 output                                  attributes/
section   page    origin      length       input sections
--------  ----  ----------  ----------   ----------------
.intvecs   0    00000000    0000026c     
                  00000000    0000026c     tm4c123gh6pm_startup_ccs.obj (.intvecs)

.text      0    0000026c    00000694     
                  0000026c    00000132     driverlib.lib : gpio.obj (.text:GPIOPadConfigSet)
                  0000039e    00000002     --HOLE-- [fill = 0]
                  000003a0    000000f4                   : sysctl.obj (.text:SysCtlClockSet)
                  00000494    000000b0     lab-1.obj (.text)
                  00000544    0000009c     rtsv7M4_T_le_v4SPD16_eabi.lib : memcpy_t2.obj (.text)
                  000005e0    0000007a                                   : memset_t2.obj (.text)
                  0000065a    00000002     --HOLE-- [fill = 0]
                  0000065c    0000006c                                   : autoinit.obj (.text)
                  000006c8    0000006a                                   : copy_decompress_rle.obj (.text)
                  00000732    00000002     --HOLE-- [fill = 0]
                  00000734    00000050                                   : boot.obj (.text)
                  00000784    0000004c                                   : cpy_tbl.obj (.text)
                  000007d0    00000044                                   : exit.obj (.text)
                  00000814    00000034     driverlib.lib : sysctl.obj (.text:SysCtlPeripheralEnable)
                  00000848    0000002a                   : gpio.obj (.text:GPIODirModeSet)
                  00000872    00000018                   : gpio.obj (.text:GPIOPinTypeGPIOOutput)
                  0000088a    00000002     --HOLE-- [fill = 0]
                  0000088c    00000018     rtsv7M4_T_le_v4SPD16_eabi.lib : args_main.obj (.text)
                  000008a4    00000014                                   : _lock.obj (.text)
                  000008b8    00000012     driverlib.lib : gpio.obj (.text:GPIOPinTypeGPIOInput)
                  000008ca    0000000e     rtsv7M4_T_le_v4SPD16_eabi.lib : copy_decompress_none.obj (.text:decompress:none)
                  000008d8    0000000c     tm4c123gh6pm_startup_ccs.obj (.text)
                  000008e4    00000006     driverlib.lib : gpio.obj (.text:GPIOPinRead)
                  000008ea    00000006                   : gpio.obj (.text:GPIOPinWrite)
                  000008f0    00000006                   : sysctl.obj (.text:SysCtlDelay)
                  000008f6    00000006     rtsv7M4_T_le_v4SPD16_eabi.lib : copy_decompress_rle.obj (.text:decompress:rle24)
                  000008fc    00000004                                   : pre_init.obj (.text)

.cinit     0    00000900    00000020     
                  00000900    0000000f     (.cinit..data.load) [load image, compression = rle]
                  0000090f    00000001     --HOLE-- [fill = 0]
                  00000910    00000008     (__TI_handler_table)
                  00000918    00000008     (__TI_cinit_table)

.init_array 
*          0    00000000    00000000     UNINITIALIZED

.data      0    20000200    00000014     UNINITIALIZED
                  20000200    00000008     rtsv7M4_T_le_v4SPD16_eabi.lib : _lock.obj (.data)
                  20000208    00000008                                   : exit.obj (.data)
                  20000210    00000004                                   : stkdepth_vars.obj (.data)

.stack     0    20000000    00000200     UNINITIALIZED
                  20000000    00000200     --HOLE--

.TI.persistent 
*          0    20000200    00000000     UNINITIALIZED


LINKER GENERATED COPY TABLES

__TI_cinit_table @ 00000918 records: 1, size/record: 8, table size: 8
	.data: load addr=00000900, load size=0000000f bytes, run addr=20000200, run size=00000014 bytes, compression=rle


LINKER GENERATED HANDLER TABLE

__TI_handler_table @ 00000910 records: 2, size/record: 4, table size: 8
	index: 0, handler: __TI_decompress_rle24
	index: 1, handler: __TI_decompress_none


GLOBAL SYMBOLS: SORTED ALPHABETICALLY BY Name 

address   name                    
-------   ----                    
000007d1  C$$EXIT                 
00000849  GPIODirModeSet          
0000026d  GPIOPadConfigSet        
000008e5  GPIOPinRead             
000008b9  GPIOPinTypeGPIOInput    
00000873  GPIOPinTypeGPIOOutput   
000008eb  GPIOPinWrite            
000008d9  ResetISR                
UNDEFED   SHT$$INIT_ARRAY$$Base   
UNDEFED   SHT$$INIT_ARRAY$$Limit  
000003a1  SysCtlClockSet          
000008f1  SysCtlDelay             
00000815  SysCtlPeripheralEnable  
20000200  __STACK_END             
00000200  __STACK_SIZE            
20000200  __STACK_TOP             
00000918  __TI_CINIT_Base         
00000920  __TI_CINIT_Limit        
00000910  __TI_Handler_Table_Base 
00000918  __TI_Handler_Table_Limit
0000065d  __TI_auto_init          
20000208  __TI_cleanup_ptr        
000008cb  __TI_decompress_none    
000008f7  __TI_decompress_rle24   
2000020c  __TI_dtors_ptr          
00000000  __TI_static_base__      
000005e1  __aeabi_memclr          
000005e1  __aeabi_memclr4         
000005e1  __aeabi_memclr8         
00000545  __aeabi_memcpy          
00000545  __aeabi_memcpy4         
00000545  __aeabi_memcpy8         
000005e3  __aeabi_memset          
000005e3  __aeabi_memset4         
000005e3  __aeabi_memset8         
ffffffff  __binit__               
ffffffff  __c_args__              
20000000  __stack                 
0000088d  _args_main              
00000735  _c_int00                
20000200  _lock                   
000008b3  _nop                    
000008ab  _register_lock          
000008a5  _register_unlock        
000008fd  _system_pre_init        
20000204  _unlock                 
000007d5  abort                   
ffffffff  binit                   
00000785  copy_in                 
000007dd  exit                    
00000000  g_pfnVectors            
000004db  main                    
20000210  main_func_sp            
00000545  memcpy                  
000005e9  memset                  
000004c7  pin_config              
00000495  setup                   


GLOBAL SYMBOLS: SORTED BY Symbol Address 

address   name                    
-------   ----                    
00000000  __TI_static_base__      
00000000  g_pfnVectors            
00000200  __STACK_SIZE            
0000026d  GPIOPadConfigSet        
000003a1  SysCtlClockSet          
00000495  setup                   
000004c7  pin_config              
000004db  main                    
00000545  __aeabi_memcpy          
00000545  __aeabi_memcpy4         
00000545  __aeabi_memcpy8         
00000545  memcpy                  
000005e1  __aeabi_memclr          
000005e1  __aeabi_memclr4         
000005e1  __aeabi_memclr8         
000005e3  __aeabi_memset          
000005e3  __aeabi_memset4         
000005e3  __aeabi_memset8         
000005e9  memset                  
0000065d  __TI_auto_init          
00000735  _c_int00                
00000785  copy_in                 
000007d1  C$$EXIT                 
000007d5  abort                   
000007dd  exit                    
00000815  SysCtlPeripheralEnable  
00000849  GPIODirModeSet          
00000873  GPIOPinTypeGPIOOutput   
0000088d  _args_main              
000008a5  _register_unlock        
000008ab  _register_lock          
000008b3  _nop                    
000008b9  GPIOPinTypeGPIOInput    
000008cb  __TI_decompress_none    
000008d9  ResetISR                
000008e5  GPIOPinRead             
000008eb  GPIOPinWrite            
000008f1  SysCtlDelay             
000008f7  __TI_decompress_rle24   
000008fd  _system_pre_init        
00000910  __TI_Handler_Table_Base 
00000918  __TI_CINIT_Base         
00000918  __TI_Handler_Table_Limit
00000920  __TI_CINIT_Limit        
20000000  __stack                 
20000200  __STACK_END             
20000200  __STACK_TOP             
20000200  _lock                   
20000204  _unlock                 
20000208  __TI_cleanup_ptr        
2000020c  __TI_dtors_ptr          
20000210  main_func_sp            
ffffffff  __binit__               
ffffffff  __c_args__              
ffffffff  binit                   
UNDEFED   SHT$$INIT_ARRAY$$Base   
UNDEFED   SHT$$INIT_ARRAY$$Limit  

[57 symbols]
