******************************************************************************
                  TI ARM Linker PC v5.2.5                      
******************************************************************************
>> Linked Wed Jan 24 11:58:30 2018

OUTPUT FILE NAME:   <lab1.out>
ENTRY POINT SYMBOL: "_c_int00"  address: 00000791


MEMORY CONFIGURATION

         name            origin    length      used     unused   attr    fill
----------------------  --------  ---------  --------  --------  ----  --------
  FLASH                 00000000   00040000  0000097c  0003f684  R  X
  SRAM                  20000000   00008000  00000216  00007dea  RW X


SEGMENT ALLOCATION MAP

run origin  load origin   length   init length attrs members
----------  ----------- ---------- ----------- ----- -------
00000000    00000000    00000980   00000980    r-x
  00000000    00000000    0000026c   0000026c    r-- .intvecs
  0000026c    0000026c    000006f0   000006f0    r-x .text
  00000960    00000960    00000020   00000020    r-- .cinit
20000000    20000000    00000216   00000000    rw-
  20000000    20000000    00000200   00000000    rw- .stack
  20000200    20000200    00000016   00000000    rw- .data


SECTION ALLOCATION MAP

 output                                  attributes/
section   page    origin      length       input sections
--------  ----  ----------  ----------   ----------------
.intvecs   0    00000000    0000026c     
                  00000000    0000026c     tm4c123gh6pm_startup_ccs.obj (.intvecs)

.text      0    0000026c    000006f0     
                  0000026c    00000132     driverlib.lib : gpio.obj (.text:GPIOPadConfigSet)
                  0000039e    00000002     --HOLE-- [fill = 0]
                  000003a0    0000010c     lab-1.obj (.text)
                  000004ac    000000f4     driverlib.lib : sysctl.obj (.text:SysCtlClockSet)
                  000005a0    0000009c     rtsv7M4_T_le_v4SPD16_eabi.lib : memcpy_t2.obj (.text)
                  0000063c    0000007a                                   : memset_t2.obj (.text)
                  000006b6    00000002     --HOLE-- [fill = 0]
                  000006b8    0000006c                                   : autoinit.obj (.text)
                  00000724    0000006a                                   : copy_decompress_rle.obj (.text)
                  0000078e    00000002     --HOLE-- [fill = 0]
                  00000790    00000050                                   : boot.obj (.text)
                  000007e0    0000004c                                   : cpy_tbl.obj (.text)
                  0000082c    00000044                                   : exit.obj (.text)
                  00000870    00000034     driverlib.lib : sysctl.obj (.text:SysCtlPeripheralEnable)
                  000008a4    0000002a                   : gpio.obj (.text:GPIODirModeSet)
                  000008ce    00000018                   : gpio.obj (.text:GPIOPinTypeGPIOOutput)
                  000008e6    00000002     --HOLE-- [fill = 0]
                  000008e8    00000018     rtsv7M4_T_le_v4SPD16_eabi.lib : args_main.obj (.text)
                  00000900    00000014                                   : _lock.obj (.text)
                  00000914    00000012     driverlib.lib : gpio.obj (.text:GPIOPinTypeGPIOInput)
                  00000926    0000000e     rtsv7M4_T_le_v4SPD16_eabi.lib : copy_decompress_none.obj (.text:decompress:none)
                  00000934    0000000c     tm4c123gh6pm_startup_ccs.obj (.text)
                  00000940    00000006     driverlib.lib : gpio.obj (.text:GPIOPinRead)
                  00000946    00000006                   : gpio.obj (.text:GPIOPinWrite)
                  0000094c    00000006                   : sysctl.obj (.text:SysCtlDelay)
                  00000952    00000006     rtsv7M4_T_le_v4SPD16_eabi.lib : copy_decompress_rle.obj (.text:decompress:rle24)
                  00000958    00000004                                   : pre_init.obj (.text)

.cinit     0    00000960    00000020     
                  00000960    00000010     (.cinit..data.load) [load image, compression = rle]
                  00000970    00000008     (__TI_handler_table)
                  00000978    00000008     (__TI_cinit_table)

.init_array 
*          0    00000000    00000000     UNINITIALIZED

.stack     0    20000000    00000200     UNINITIALIZED
                  20000000    00000200     --HOLE--

.data      0    20000200    00000016     UNINITIALIZED
                  20000200    00000008     rtsv7M4_T_le_v4SPD16_eabi.lib : _lock.obj (.data)
                  20000208    00000008                                   : exit.obj (.data)
                  20000210    00000004                                   : stkdepth_vars.obj (.data)
                  20000214    00000002     lab-1.obj (.data)

.TI.persistent 
*          0    20000200    00000000     UNINITIALIZED


LINKER GENERATED COPY TABLES

__TI_cinit_table @ 00000978 records: 1, size/record: 8, table size: 8
	.data: load addr=00000960, load size=00000010 bytes, run addr=20000200, run size=00000016 bytes, compression=rle


LINKER GENERATED HANDLER TABLE

__TI_handler_table @ 00000970 records: 2, size/record: 4, table size: 8
	index: 0, handler: __TI_decompress_rle24
	index: 1, handler: __TI_decompress_none


GLOBAL SYMBOLS: SORTED ALPHABETICALLY BY Name 

address   name                    
-------   ----                    
0000082d  C$$EXIT                 
000008a5  GPIODirModeSet          
0000026d  GPIOPadConfigSet        
00000941  GPIOPinRead             
00000915  GPIOPinTypeGPIOInput    
000008cf  GPIOPinTypeGPIOOutput   
00000947  GPIOPinWrite            
00000935  ResetISR                
UNDEFED   SHT$$INIT_ARRAY$$Base   
UNDEFED   SHT$$INIT_ARRAY$$Limit  
000004ad  SysCtlClockSet          
0000094d  SysCtlDelay             
00000871  SysCtlPeripheralEnable  
20000200  __STACK_END             
00000200  __STACK_SIZE            
20000200  __STACK_TOP             
00000978  __TI_CINIT_Base         
00000980  __TI_CINIT_Limit        
00000970  __TI_Handler_Table_Base 
00000978  __TI_Handler_Table_Limit
000006b9  __TI_auto_init          
20000208  __TI_cleanup_ptr        
00000927  __TI_decompress_none    
00000953  __TI_decompress_rle24   
2000020c  __TI_dtors_ptr          
00000000  __TI_static_base__      
0000063d  __aeabi_memclr          
0000063d  __aeabi_memclr4         
0000063d  __aeabi_memclr8         
000005a1  __aeabi_memcpy          
000005a1  __aeabi_memcpy4         
000005a1  __aeabi_memcpy8         
0000063f  __aeabi_memset          
0000063f  __aeabi_memset4         
0000063f  __aeabi_memset8         
ffffffff  __binit__               
ffffffff  __c_args__              
20000000  __stack                 
000008e9  _args_main              
00000791  _c_int00                
20000200  _lock                   
0000090f  _nop                    
00000907  _register_lock          
00000901  _register_unlock        
00000959  _system_pre_init        
20000204  _unlock                 
00000831  abort                   
ffffffff  binit                   
000007e1  copy_in                 
00000839  exit                    
00000000  g_pfnVectors            
000003fd  main                    
20000210  main_func_sp            
000005a1  memcpy                  
00000645  memset                  
20000214  pin0                    
000003d1  pin_config              
000003a1  setup                   
20000215  ui8LED                  


GLOBAL SYMBOLS: SORTED BY Symbol Address 

address   name                    
-------   ----                    
00000000  __TI_static_base__      
00000000  g_pfnVectors            
00000200  __STACK_SIZE            
0000026d  GPIOPadConfigSet        
000003a1  setup                   
000003d1  pin_config              
000003fd  main                    
000004ad  SysCtlClockSet          
000005a1  __aeabi_memcpy          
000005a1  __aeabi_memcpy4         
000005a1  __aeabi_memcpy8         
000005a1  memcpy                  
0000063d  __aeabi_memclr          
0000063d  __aeabi_memclr4         
0000063d  __aeabi_memclr8         
0000063f  __aeabi_memset          
0000063f  __aeabi_memset4         
0000063f  __aeabi_memset8         
00000645  memset                  
000006b9  __TI_auto_init          
00000791  _c_int00                
000007e1  copy_in                 
0000082d  C$$EXIT                 
00000831  abort                   
00000839  exit                    
00000871  SysCtlPeripheralEnable  
000008a5  GPIODirModeSet          
000008cf  GPIOPinTypeGPIOOutput   
000008e9  _args_main              
00000901  _register_unlock        
00000907  _register_lock          
0000090f  _nop                    
00000915  GPIOPinTypeGPIOInput    
00000927  __TI_decompress_none    
00000935  ResetISR                
00000941  GPIOPinRead             
00000947  GPIOPinWrite            
0000094d  SysCtlDelay             
00000953  __TI_decompress_rle24   
00000959  _system_pre_init        
00000970  __TI_Handler_Table_Base 
00000978  __TI_CINIT_Base         
00000978  __TI_Handler_Table_Limit
00000980  __TI_CINIT_Limit        
20000000  __stack                 
20000200  __STACK_END             
20000200  __STACK_TOP             
20000200  _lock                   
20000204  _unlock                 
20000208  __TI_cleanup_ptr        
2000020c  __TI_dtors_ptr          
20000210  main_func_sp            
20000214  pin0                    
20000215  ui8LED                  
ffffffff  __binit__               
ffffffff  __c_args__              
ffffffff  binit                   
UNDEFED   SHT$$INIT_ARRAY$$Base   
UNDEFED   SHT$$INIT_ARRAY$$Limit  

[59 symbols]
