******************************************************************************
                  TI ARM Linker PC v5.2.5                      
******************************************************************************
>> Linked Wed Jan 17 14:20:30 2018

OUTPUT FILE NAME:   <lab1part2.out>
ENTRY POINT SYMBOL: "_c_int00"  address: 00000725


MEMORY CONFIGURATION

         name            origin    length      used     unused   attr    fill
----------------------  --------  ---------  --------  --------  ----  --------
  FLASH                 00000000   00040000  0000090a  0003f6f6  R  X
  SRAM                  20000000   00008000  00000218  00007de8  RW X


SEGMENT ALLOCATION MAP

run origin  load origin   length   init length attrs members
----------  ----------- ---------- ----------- ----- -------
00000000    00000000    00000910   00000910    r-x
  00000000    00000000    0000026c   0000026c    r-- .intvecs
  0000026c    0000026c    0000067e   0000067e    r-x .text
  000008f0    000008f0    00000020   00000020    r-- .cinit
20000000    20000000    00000218   00000000    rw-
  20000000    20000000    00000200   00000000    rw- .stack
  20000200    20000200    00000018   00000000    rw- .data


SECTION ALLOCATION MAP

 output                                  attributes/
section   page    origin      length       input sections
--------  ----  ----------  ----------   ----------------
.intvecs   0    00000000    0000026c     
                  00000000    0000026c     tm4c123gh6pm_startup_ccs.obj (.intvecs)

.text      0    0000026c    0000067e     
                  0000026c    00000132     driverlib.lib : gpio.obj (.text:GPIOPadConfigSet)
                  0000039e    00000002     --HOLE-- [fill = 0]
                  000003a0    000000f4                   : sysctl.obj (.text:SysCtlClockSet)
                  00000494    000000a0     lab1part2.obj (.text)
                  00000534    0000009c     rtsv7M4_T_le_v4SPD16_eabi.lib : memcpy_t2.obj (.text)
                  000005d0    0000007a                                   : memset_t2.obj (.text)
                  0000064a    00000002     --HOLE-- [fill = 0]
                  0000064c    0000006c                                   : autoinit.obj (.text)
                  000006b8    0000006a                                   : copy_decompress_rle.obj (.text)
                  00000722    00000002     --HOLE-- [fill = 0]
                  00000724    00000050                                   : boot.obj (.text)
                  00000774    0000004c                                   : cpy_tbl.obj (.text)
                  000007c0    00000044                                   : exit.obj (.text)
                  00000804    00000034     driverlib.lib : sysctl.obj (.text:SysCtlPeripheralEnable)
                  00000838    0000002a                   : gpio.obj (.text:GPIODirModeSet)
                  00000862    00000018                   : gpio.obj (.text:GPIOPinTypeGPIOOutput)
                  0000087a    00000002     --HOLE-- [fill = 0]
                  0000087c    00000018     rtsv7M4_T_le_v4SPD16_eabi.lib : args_main.obj (.text)
                  00000894    00000014                                   : _lock.obj (.text)
                  000008a8    00000012     driverlib.lib : gpio.obj (.text:GPIOPinTypeGPIOInput)
                  000008ba    0000000e     rtsv7M4_T_le_v4SPD16_eabi.lib : copy_decompress_none.obj (.text:decompress:none)
                  000008c8    0000000c     tm4c123gh6pm_startup_ccs.obj (.text)
                  000008d4    00000006     driverlib.lib : gpio.obj (.text:GPIOPinRead)
                  000008da    00000006                   : sysctl.obj (.text:SysCtlDelay)
                  000008e0    00000006     rtsv7M4_T_le_v4SPD16_eabi.lib : copy_decompress_rle.obj (.text:decompress:rle24)
                  000008e6    00000004                                   : pre_init.obj (.text)

.cinit     0    000008f0    00000020     
                  000008f0    0000000f     (.cinit..data.load) [load image, compression = rle]
                  000008ff    00000001     --HOLE-- [fill = 0]
                  00000900    00000008     (__TI_handler_table)
                  00000908    00000008     (__TI_cinit_table)

.init_array 
*          0    00000000    00000000     UNINITIALIZED

.stack     0    20000000    00000200     UNINITIALIZED
                  20000000    00000200     --HOLE--

.data      0    20000200    00000018     UNINITIALIZED
                  20000200    00000008     rtsv7M4_T_le_v4SPD16_eabi.lib : _lock.obj (.data)
                  20000208    00000008                                   : exit.obj (.data)
                  20000210    00000004     lab1part2.obj (.data)
                  20000214    00000004     rtsv7M4_T_le_v4SPD16_eabi.lib : stkdepth_vars.obj (.data)

.TI.persistent 
*          0    20000200    00000000     UNINITIALIZED


LINKER GENERATED COPY TABLES

__TI_cinit_table @ 00000908 records: 1, size/record: 8, table size: 8
	.data: load addr=000008f0, load size=0000000f bytes, run addr=20000200, run size=00000018 bytes, compression=rle


LINKER GENERATED HANDLER TABLE

__TI_handler_table @ 00000900 records: 2, size/record: 4, table size: 8
	index: 0, handler: __TI_decompress_rle24
	index: 1, handler: __TI_decompress_none


GLOBAL SYMBOLS: SORTED ALPHABETICALLY BY Name 

address   name                    
-------   ----                    
000007c1  C$$EXIT                 
00000839  GPIODirModeSet          
0000026d  GPIOPadConfigSet        
000008d5  GPIOPinRead             
000008a9  GPIOPinTypeGPIOInput    
00000863  GPIOPinTypeGPIOOutput   
000008c9  ResetISR                
UNDEFED   SHT$$INIT_ARRAY$$Base   
UNDEFED   SHT$$INIT_ARRAY$$Limit  
000003a1  SysCtlClockSet          
000008db  SysCtlDelay             
00000805  SysCtlPeripheralEnable  
20000200  __STACK_END             
00000200  __STACK_SIZE            
20000200  __STACK_TOP             
00000908  __TI_CINIT_Base         
00000910  __TI_CINIT_Limit        
00000900  __TI_Handler_Table_Base 
00000908  __TI_Handler_Table_Limit
0000064d  __TI_auto_init          
20000208  __TI_cleanup_ptr        
000008bb  __TI_decompress_none    
000008e1  __TI_decompress_rle24   
2000020c  __TI_dtors_ptr          
00000000  __TI_static_base__      
000005d1  __aeabi_memclr          
000005d1  __aeabi_memclr4         
000005d1  __aeabi_memclr8         
00000535  __aeabi_memcpy          
00000535  __aeabi_memcpy4         
00000535  __aeabi_memcpy8         
000005d3  __aeabi_memset          
000005d3  __aeabi_memset4         
000005d3  __aeabi_memset8         
ffffffff  __binit__               
ffffffff  __c_args__              
20000000  __stack                 
0000087d  _args_main              
00000725  _c_int00                
20000200  _lock                   
000008a3  _nop                    
0000089b  _register_lock          
00000895  _register_unlock        
000008e7  _system_pre_init        
20000204  _unlock                 
000007c5  abort                   
ffffffff  binit                   
00000775  copy_in                 
000007cd  exit                    
00000000  g_pfnVectors            
000004db  main                    
20000214  main_func_sp            
00000535  memcpy                  
000005d9  memset                  
000004bb  pin_config              
00000495  setup                   
20000210  sw2Status               


GLOBAL SYMBOLS: SORTED BY Symbol Address 

address   name                    
-------   ----                    
00000000  __TI_static_base__      
00000000  g_pfnVectors            
00000200  __STACK_SIZE            
0000026d  GPIOPadConfigSet        
000003a1  SysCtlClockSet          
00000495  setup                   
000004bb  pin_config              
000004db  main                    
00000535  __aeabi_memcpy          
00000535  __aeabi_memcpy4         
00000535  __aeabi_memcpy8         
00000535  memcpy                  
000005d1  __aeabi_memclr          
000005d1  __aeabi_memclr4         
000005d1  __aeabi_memclr8         
000005d3  __aeabi_memset          
000005d3  __aeabi_memset4         
000005d3  __aeabi_memset8         
000005d9  memset                  
0000064d  __TI_auto_init          
00000725  _c_int00                
00000775  copy_in                 
000007c1  C$$EXIT                 
000007c5  abort                   
000007cd  exit                    
00000805  SysCtlPeripheralEnable  
00000839  GPIODirModeSet          
00000863  GPIOPinTypeGPIOOutput   
0000087d  _args_main              
00000895  _register_unlock        
0000089b  _register_lock          
000008a3  _nop                    
000008a9  GPIOPinTypeGPIOInput    
000008bb  __TI_decompress_none    
000008c9  ResetISR                
000008d5  GPIOPinRead             
000008db  SysCtlDelay             
000008e1  __TI_decompress_rle24   
000008e7  _system_pre_init        
00000900  __TI_Handler_Table_Base 
00000908  __TI_CINIT_Base         
00000908  __TI_Handler_Table_Limit
00000910  __TI_CINIT_Limit        
20000000  __stack                 
20000200  __STACK_END             
20000200  __STACK_TOP             
20000200  _lock                   
20000204  _unlock                 
20000208  __TI_cleanup_ptr        
2000020c  __TI_dtors_ptr          
20000210  sw2Status               
20000214  main_func_sp            
ffffffff  __binit__               
ffffffff  __c_args__              
ffffffff  binit                   
UNDEFED   SHT$$INIT_ARRAY$$Base   
UNDEFED   SHT$$INIT_ARRAY$$Limit  

[57 symbols]
