******************************************************************************
                  TI ARM Linker Unix v5.2.5                    
******************************************************************************
>> Linked Wed Feb  7 14:22:53 2018

OUTPUT FILE NAME:   <Lab_5.2.out>
ENTRY POINT SYMBOL: "_c_int00"  address: 00000e3d


MEMORY CONFIGURATION

         name            origin    length      used     unused   attr    fill
----------------------  --------  ---------  --------  --------  ----  --------
  FLASH                 00000000   00040000  000010f8  0003ef08  R  X
  SRAM                  20000000   00008000  0000063c  000079c4  RW X


SEGMENT ALLOCATION MAP

run origin  load origin   length   init length attrs members
----------  ----------- ---------- ----------- ----- -------
00000000    00000000    000010f8   000010f8    r-x
  00000000    00000000    0000026c   0000026c    r-- .intvecs
  0000026c    0000026c    00000e4c   00000e4c    r-x .text
  000010b8    000010b8    00000040   00000040    r-- .cinit
20000000    20000000    0000063c   00000000    rw-
  20000000    20000000    00000414   00000000    rw- .data
  20000414    20000414    00000200   00000000    rw- .stack
  20000614    20000614    00000028   00000000    rw- .bss


SECTION ALLOCATION MAP

 output                                  attributes/
section   page    origin      length       input sections
--------  ----  ----------  ----------   ----------------
.intvecs   0    00000000    0000026c     
                  00000000    0000026c     tm4c123gh6pm_startup_ccs.obj (.intvecs)

.text      0    0000026c    00000e4c     
                  0000026c    00000740     main.obj (.text)
                  000009ac    00000132     driverlib.lib : gpio.obj (.text:GPIOPadConfigSet)
                  00000ade    00000002     --HOLE-- [fill = 0]
                  00000ae0    000000f4                   : sysctl.obj (.text:SysCtlClockSet)
                  00000bd4    0000009c     rtsv7M4_T_le_v4SPD16_eabi.lib : memcpy_t2.obj (.text)
                  00000c70    0000007a     driverlib.lib : adc.obj (.text:ADCSequenceStepConfigure)
                  00000cea    0000007a     rtsv7M4_T_le_v4SPD16_eabi.lib : memset_t2.obj (.text)
                  00000d64    0000006c                                   : autoinit.obj (.text)
                  00000dd0    0000006a                                   : copy_decompress_rle.obj (.text)
                  00000e3a    00000002     --HOLE-- [fill = 0]
                  00000e3c    00000050                                   : boot.obj (.text)
                  00000e8c    0000004c                                   : cpy_tbl.obj (.text)
                  00000ed8    00000044                                   : exit.obj (.text)
                  00000f1c    0000003e     driverlib.lib : adc.obj (.text:ADCSequenceConfigure)
                  00000f5a    00000002     --HOLE-- [fill = 0]
                  00000f5c    00000034                   : sysctl.obj (.text:SysCtlPeripheralEnable)
                  00000f90    0000002e                   : adc.obj (.text:ADCIntStatus)
                  00000fbe    0000002a                   : gpio.obj (.text:GPIODirModeSet)
                  00000fe8    0000001e                   : adc.obj (.text:ADCSequenceDataGet)
                  00001006    00000018                   : adc.obj (.text:ADCProcessorTrigger)
                  0000101e    00000018                   : gpio.obj (.text:GPIOPinTypeGPIOOutput)
                  00001036    00000002     --HOLE-- [fill = 0]
                  00001038    00000018     rtsv7M4_T_le_v4SPD16_eabi.lib : args_main.obj (.text)
                  00001050    00000014                                   : _lock.obj (.text)
                  00001064    0000000e     driverlib.lib : adc.obj (.text:ADCSequenceEnable)
                  00001072    0000000e     rtsv7M4_T_le_v4SPD16_eabi.lib : copy_decompress_none.obj (.text:decompress:none)
                  00001080    0000000c                                   : copy_zero_init.obj (.text:decompress:ZI)
                  0000108c    0000000c     tm4c123gh6pm_startup_ccs.obj (.text)
                  00001098    0000000a     driverlib.lib : adc.obj (.text:ADCIntClear)
                  000010a2    00000006                   : gpio.obj (.text:GPIOPinWrite)
                  000010a8    00000006                   : sysctl.obj (.text:SysCtlDelay)
                  000010ae    00000006     rtsv7M4_T_le_v4SPD16_eabi.lib : copy_decompress_rle.obj (.text:decompress:rle24)
                  000010b4    00000004                                   : pre_init.obj (.text)

.cinit     0    000010b8    00000040     
                  000010b8    0000001c     (.cinit..data.load) [load image, compression = rle]
                  000010d4    0000000c     (__TI_handler_table)
                  000010e0    00000008     (.cinit..bss.load) [load image, compression = zero_init]
                  000010e8    00000010     (__TI_cinit_table)

.init_array 
*          0    00000000    00000000     UNINITIALIZED

.data      0    20000000    00000414     UNINITIALIZED
                  20000000    00000400     main.obj (.data:one)
                  20000400    00000008     rtsv7M4_T_le_v4SPD16_eabi.lib : _lock.obj (.data)
                  20000408    00000008                                   : exit.obj (.data)
                  20000410    00000004                                   : stkdepth_vars.obj (.data)

.bss       0    20000614    00000028     UNINITIALIZED
                  20000614    00000010     (.common:horizontal)
                  20000624    00000010     (.common:vertical)
                  20000634    00000004     (.common:h_avg)
                  20000638    00000004     (.common:v_avg)

.TI.persistent 
*          0    20000000    00000000     UNINITIALIZED

.stack     0    20000414    00000200     UNINITIALIZED
                  20000414    00000200     --HOLE--

.TI.noinit 
*          0    20000614    00000000     UNINITIALIZED


LINKER GENERATED COPY TABLES

__TI_cinit_table @ 000010e8 records: 2, size/record: 8, table size: 16
	.data: load addr=000010b8, load size=0000001c bytes, run addr=20000000, run size=00000414 bytes, compression=rle
	.bss: load addr=000010e0, load size=00000008 bytes, run addr=20000614, run size=00000028 bytes, compression=zero_init


LINKER GENERATED HANDLER TABLE

__TI_handler_table @ 000010d4 records: 3, size/record: 4, table size: 12
	index: 0, handler: __TI_decompress_rle24
	index: 1, handler: __TI_decompress_none
	index: 2, handler: __TI_zero_init


GLOBAL SYMBOLS: SORTED ALPHABETICALLY BY Name 

address   name                    
-------   ----                    
00001099  ADCIntClear             
00000f91  ADCIntStatus            
00001007  ADCProcessorTrigger     
00000f1d  ADCSequenceConfigure    
00000fe9  ADCSequenceDataGet      
00001065  ADCSequenceEnable       
00000c71  ADCSequenceStepConfigure
00000ed9  C$$EXIT                 
00000fbf  GPIODirModeSet          
000009ad  GPIOPadConfigSet        
0000101f  GPIOPinTypeGPIOOutput   
000010a3  GPIOPinWrite            
0000108d  ResetISR                
UNDEFED   SHT$$INIT_ARRAY$$Base   
UNDEFED   SHT$$INIT_ARRAY$$Limit  
00000ae1  SysCtlClockSet          
000010a9  SysCtlDelay             
00000f5d  SysCtlPeripheralEnable  
20000614  __STACK_END             
00000200  __STACK_SIZE            
20000614  __STACK_TOP             
000010e8  __TI_CINIT_Base         
000010f8  __TI_CINIT_Limit        
000010d4  __TI_Handler_Table_Base 
000010e0  __TI_Handler_Table_Limit
00000d65  __TI_auto_init          
20000408  __TI_cleanup_ptr        
00001073  __TI_decompress_none    
000010af  __TI_decompress_rle24   
2000040c  __TI_dtors_ptr          
00000000  __TI_static_base__      
00001081  __TI_zero_init          
00000ceb  __aeabi_memclr          
00000ceb  __aeabi_memclr4         
00000ceb  __aeabi_memclr8         
00000bd5  __aeabi_memcpy          
00000bd5  __aeabi_memcpy4         
00000bd5  __aeabi_memcpy8         
00000ced  __aeabi_memset          
00000ced  __aeabi_memset4         
00000ced  __aeabi_memset8         
ffffffff  __binit__               
ffffffff  __c_args__              
20000414  __stack                 
00001039  _args_main              
00000e3d  _c_int00                
20000400  _lock                   
0000105f  _nop                    
00001057  _register_lock          
00001051  _register_unlock        
000010b5  _system_pre_init        
20000404  _unlock                 
00000edd  abort                   
ffffffff  binit                   
00000e8d  copy_in                 
0000047d  display_image           
00000ee5  exit                    
00000000  g_pfnVectors            
00000423  glcd_cleardisplay       
0000026d  glcd_cmd                
000002c7  glcd_data               
00000321  glcd_init               
000003d5  glcd_setcolumn          
00000391  glcd_setpage            
20000634  h_avg                   
20000614  horizontal              
000004d9  main                    
20000410  main_func_sp            
00000bd5  memcpy                  
00000cf3  memset                  
20000000  one                     
20000638  v_avg                   
20000624  vertical                


GLOBAL SYMBOLS: SORTED BY Symbol Address 

address   name                    
-------   ----                    
00000000  __TI_static_base__      
00000000  g_pfnVectors            
00000200  __STACK_SIZE            
0000026d  glcd_cmd                
000002c7  glcd_data               
00000321  glcd_init               
00000391  glcd_setpage            
000003d5  glcd_setcolumn          
00000423  glcd_cleardisplay       
0000047d  display_image           
000004d9  main                    
000009ad  GPIOPadConfigSet        
00000ae1  SysCtlClockSet          
00000bd5  __aeabi_memcpy          
00000bd5  __aeabi_memcpy4         
00000bd5  __aeabi_memcpy8         
00000bd5  memcpy                  
00000c71  ADCSequenceStepConfigure
00000ceb  __aeabi_memclr          
00000ceb  __aeabi_memclr4         
00000ceb  __aeabi_memclr8         
00000ced  __aeabi_memset          
00000ced  __aeabi_memset4         
00000ced  __aeabi_memset8         
00000cf3  memset                  
00000d65  __TI_auto_init          
00000e3d  _c_int00                
00000e8d  copy_in                 
00000ed9  C$$EXIT                 
00000edd  abort                   
00000ee5  exit                    
00000f1d  ADCSequenceConfigure    
00000f5d  SysCtlPeripheralEnable  
00000f91  ADCIntStatus            
00000fbf  GPIODirModeSet          
00000fe9  ADCSequenceDataGet      
00001007  ADCProcessorTrigger     
0000101f  GPIOPinTypeGPIOOutput   
00001039  _args_main              
00001051  _register_unlock        
00001057  _register_lock          
0000105f  _nop                    
00001065  ADCSequenceEnable       
00001073  __TI_decompress_none    
00001081  __TI_zero_init          
0000108d  ResetISR                
00001099  ADCIntClear             
000010a3  GPIOPinWrite            
000010a9  SysCtlDelay             
000010af  __TI_decompress_rle24   
000010b5  _system_pre_init        
000010d4  __TI_Handler_Table_Base 
000010e0  __TI_Handler_Table_Limit
000010e8  __TI_CINIT_Base         
000010f8  __TI_CINIT_Limit        
20000000  one                     
20000400  _lock                   
20000404  _unlock                 
20000408  __TI_cleanup_ptr        
2000040c  __TI_dtors_ptr          
20000410  main_func_sp            
20000414  __stack                 
20000614  __STACK_END             
20000614  __STACK_TOP             
20000614  horizontal              
20000624  vertical                
20000634  h_avg                   
20000638  v_avg                   
ffffffff  __binit__               
ffffffff  __c_args__              
ffffffff  binit                   
UNDEFED   SHT$$INIT_ARRAY$$Base   
UNDEFED   SHT$$INIT_ARRAY$$Limit  

[73 symbols]
